
===========================================================================
report_checks -unconstrained
===========================================================================
======================= Fastest Corner ===================================

Startpoint: rst (input port clocked by clk)
Endpoint: _13984_ (rising edge-triggered flip-flop clocked by clk)
Path Group: clk
Path Type: max
Corner: Fastest

Fanout     Cap    Slew   Delay    Time   Description
-----------------------------------------------------------------------------
                  0.15    0.00    0.00   clock clk (rise edge)
                          0.00    0.00   clock network delay (ideal)
                          4.00    4.00 v input external delay
     1    0.00    0.01    0.00    4.00 v rst (in)
                                         rst (net)
                  0.01    0.00    4.00 v input65/A (sky130_fd_sc_hd__clkbuf_8)
     1    0.09    0.07    0.13    4.14 v input65/X (sky130_fd_sc_hd__clkbuf_8)
                                         net65 (net)
                  0.07    0.00    4.14 v _06276_/A (sky130_fd_sc_hd__buf_8)
     9    0.12    0.07    0.14    4.28 v _06276_/X (sky130_fd_sc_hd__buf_8)
                                         _01484_ (net)
                  0.07    0.01    4.30 v _06366_/A (sky130_fd_sc_hd__inv_2)
     3    0.01    0.04    0.06    4.35 ^ _06366_/Y (sky130_fd_sc_hd__inv_2)
                                         _01571_ (net)
                  0.04    0.00    4.35 ^ _06367_/A (sky130_fd_sc_hd__buf_4)
    10    0.07    0.15    0.17    4.52 ^ _06367_/X (sky130_fd_sc_hd__buf_4)
                                         _01572_ (net)
                  0.15    0.00    4.52 ^ _09194_/A (sky130_fd_sc_hd__and4_4)
     8    0.04    0.11    0.21    4.73 ^ _09194_/X (sky130_fd_sc_hd__and4_4)
                                         _03950_ (net)
                  0.11    0.00    4.74 ^ _09195_/A (sky130_fd_sc_hd__clkbuf_8)
    10    0.11    0.15    0.19    4.93 ^ _09195_/X (sky130_fd_sc_hd__clkbuf_8)
                                         _03951_ (net)
                  0.15    0.02    4.95 ^ _11755_/A (sky130_fd_sc_hd__buf_4)
    10    0.07    0.15    0.18    5.13 ^ _11755_/X (sky130_fd_sc_hd__buf_4)
                                         _05531_ (net)
                  0.15    0.01    5.14 ^ _11766_/A2 (sky130_fd_sc_hd__a32o_1)
     1    0.00    0.04    0.11    5.25 ^ _11766_/X (sky130_fd_sc_hd__a32o_1)
                                         _01443_ (net)
                  0.04    0.00    5.25 ^ hold867/A (sky130_fd_sc_hd__dlygate4sd3_1)
     1    0.00    0.04    0.39    5.64 ^ hold867/X (sky130_fd_sc_hd__dlygate4sd3_1)
                                         net1086 (net)
                  0.04    0.00    5.64 ^ _13984_/D (sky130_fd_sc_hd__dfxtp_1)
                                  5.64   data arrival time

                  0.15   20.00   20.00   clock clk (rise edge)
                          0.00   20.00   clock network delay (ideal)
                         -0.25   19.75   clock uncertainty
                          0.00   19.75   clock reconvergence pessimism
                                 19.75 ^ _13984_/CLK (sky130_fd_sc_hd__dfxtp_1)
                         -0.03   19.72   library setup time
                                 19.72   data required time
-----------------------------------------------------------------------------
                                 19.72   data required time
                                 -5.64   data arrival time
-----------------------------------------------------------------------------
                                 14.08   slack (MET)



======================= Slowest Corner ===================================

Startpoint: _12672_ (rising edge-triggered flip-flop clocked by clk)
Endpoint: _13572_ (rising edge-triggered flip-flop clocked by clk)
Path Group: clk
Path Type: max
Corner: Slowest

Fanout     Cap    Slew   Delay    Time   Description
-----------------------------------------------------------------------------
                  0.15    0.00    0.00   clock clk (rise edge)
                          0.00    0.00   clock network delay (ideal)
                  0.15    0.00    0.00 ^ _12672_/CLK (sky130_fd_sc_hd__dfxtp_4)
     7    0.06    0.27    0.94    0.94 ^ _12672_/Q (sky130_fd_sc_hd__dfxtp_4)
                                         alu_src_ex (net)
                  0.27    0.00    0.94 ^ _07196_/A (sky130_fd_sc_hd__buf_6)
    10    0.10    0.32    0.47    1.41 ^ _07196_/X (sky130_fd_sc_hd__buf_6)
                                         _02120_ (net)
                  0.32    0.00    1.41 ^ _07197_/A (sky130_fd_sc_hd__buf_6)
    10    0.12    0.37    0.53    1.94 ^ _07197_/X (sky130_fd_sc_hd__buf_6)
                                         _02121_ (net)
                  0.38    0.02    1.96 ^ _07198_/A (sky130_fd_sc_hd__clkbuf_8)
    10    0.09    0.26    0.53    2.49 ^ _07198_/X (sky130_fd_sc_hd__clkbuf_8)
                                         _02122_ (net)
                  0.26    0.00    2.50 ^ _07410_/A (sky130_fd_sc_hd__buf_8)
    11    0.15    0.37    0.50    3.00 ^ _07410_/X (sky130_fd_sc_hd__buf_8)
                                         _02334_ (net)
                  0.37    0.01    3.01 ^ _07757_/A1 (sky130_fd_sc_hd__o21a_2)
     6    0.03    0.25    0.55    3.56 ^ _07757_/X (sky130_fd_sc_hd__o21a_2)
                                         _02681_ (net)
                  0.25    0.00    3.56 ^ _07768_/A (sky130_fd_sc_hd__buf_4)
    10    0.06    0.28    0.47    4.03 ^ _07768_/X (sky130_fd_sc_hd__buf_4)
                                         _02692_ (net)
                  0.28    0.00    4.03 ^ _07945_/S0 (sky130_fd_sc_hd__mux4_2)
     2    0.02    0.24    1.38    5.41 v _07945_/X (sky130_fd_sc_hd__mux4_2)
                                         _02868_ (net)
                  0.24    0.00    5.41 v _08122_/A2 (sky130_fd_sc_hd__a311oi_4)
     2    0.03    0.65    0.79    6.20 ^ _08122_/Y (sky130_fd_sc_hd__a311oi_4)
                                         _03041_ (net)
                  0.65    0.00    6.20 ^ _08142_/A1 (sky130_fd_sc_hd__a21oi_1)
     1    0.00    0.18    0.35    6.55 v _08142_/Y (sky130_fd_sc_hd__a21oi_1)
                                         _03061_ (net)
                  0.18    0.00    6.55 v _08143_/B1 (sky130_fd_sc_hd__o21ai_1)
     2    0.01    0.41    0.32    6.87 ^ _08143_/Y (sky130_fd_sc_hd__o21ai_1)
                                         _03062_ (net)
                  0.41    0.00    6.87 ^ _10533_/B1 (sky130_fd_sc_hd__o211ai_1)
     1    0.00    0.19    0.32    7.19 v _10533_/Y (sky130_fd_sc_hd__o211ai_1)
                                         _04808_ (net)
                  0.19    0.00    7.19 v _10535_/B (sky130_fd_sc_hd__nor3_1)
     2    0.02    0.91    0.88    8.07 ^ _10535_/Y (sky130_fd_sc_hd__nor3_1)
                                         _04810_ (net)
                  0.91    0.00    8.07 ^ _10536_/D (sky130_fd_sc_hd__nand4_1)
     1    0.01    0.27    0.52    8.60 v _10536_/Y (sky130_fd_sc_hd__nand4_1)
                                         _04811_ (net)
                  0.27    0.00    8.60 v _10538_/B (sky130_fd_sc_hd__nor3_1)
     1    0.01    0.39    0.48    9.08 ^ _10538_/Y (sky130_fd_sc_hd__nor3_1)
                                         _04813_ (net)
                  0.39    0.00    9.08 ^ _10540_/C (sky130_fd_sc_hd__nand4_1)
     1    0.00    0.20    0.34    9.42 v _10540_/Y (sky130_fd_sc_hd__nand4_1)
                                         _04815_ (net)
                  0.20    0.00    9.42 v _10541_/C (sky130_fd_sc_hd__nor3_1)
     1    0.01    0.63    0.58   10.00 ^ _10541_/Y (sky130_fd_sc_hd__nor3_1)
                                         _04816_ (net)
                  0.63    0.00   10.00 ^ _10542_/D (sky130_fd_sc_hd__nand4_4)
     3    0.05    0.51    0.68   10.68 v _10542_/Y (sky130_fd_sc_hd__nand4_4)
                                         _04817_ (net)
                  0.51    0.00   10.68 v _10556_/A3 (sky130_fd_sc_hd__a31oi_2)
     2    0.01    0.35    0.61   11.29 ^ _10556_/Y (sky130_fd_sc_hd__a31oi_2)
                                         _04831_ (net)
                  0.35    0.00   11.30 ^ max_cap167/A (sky130_fd_sc_hd__buf_4)
     9    0.07    0.30    0.52   11.81 ^ max_cap167/X (sky130_fd_sc_hd__buf_4)
                                         net167 (net)
                  0.30    0.00   11.82 ^ _10634_/A (sky130_fd_sc_hd__buf_4)
    10    0.08    0.34    0.53   12.34 ^ _10634_/X (sky130_fd_sc_hd__buf_4)
                                         _04905_ (net)
                  0.34    0.00   12.35 ^ _11237_/A1 (sky130_fd_sc_hd__o21bai_1)
     1    0.00    0.13    0.27   12.61 v _11237_/Y (sky130_fd_sc_hd__o21bai_1)
                                         _05416_ (net)
                  0.13    0.00   12.61 v _11238_/B2 (sky130_fd_sc_hd__a221oi_1)
     1    0.00    0.41    0.51   13.13 ^ _11238_/Y (sky130_fd_sc_hd__a221oi_1)
                                         _01031_ (net)
                  0.41    0.00   13.13 ^ _13572_/D (sky130_fd_sc_hd__dfxtp_4)
                                 13.13   data arrival time

                  0.15   20.00   20.00   clock clk (rise edge)
                          0.00   20.00   clock network delay (ideal)
                         -0.25   19.75   clock uncertainty
                          0.00   19.75   clock reconvergence pessimism
                                 19.75 ^ _13572_/CLK (sky130_fd_sc_hd__dfxtp_4)
                         -0.22   19.53   library setup time
                                 19.53   data required time
-----------------------------------------------------------------------------
                                 19.53   data required time
                                -13.13   data arrival time
-----------------------------------------------------------------------------
                                  6.41   slack (MET)



======================= Typical Corner ===================================

Startpoint: _12672_ (rising edge-triggered flip-flop clocked by clk)
Endpoint: _13572_ (rising edge-triggered flip-flop clocked by clk)
Path Group: clk
Path Type: max
Corner: Typical

Fanout     Cap    Slew   Delay    Time   Description
-----------------------------------------------------------------------------
                  0.15    0.00    0.00   clock clk (rise edge)
                          0.00    0.00   clock network delay (ideal)
                  0.15    0.00    0.00 ^ _12672_/CLK (sky130_fd_sc_hd__dfxtp_4)
     7    0.06    0.17    0.50    0.50 ^ _12672_/Q (sky130_fd_sc_hd__dfxtp_4)
                                         alu_src_ex (net)
                  0.17    0.00    0.50 ^ _07196_/A (sky130_fd_sc_hd__buf_6)
    10    0.10    0.20    0.26    0.76 ^ _07196_/X (sky130_fd_sc_hd__buf_6)
                                         _02120_ (net)
                  0.20    0.00    0.76 ^ _07197_/A (sky130_fd_sc_hd__buf_6)
    10    0.12    0.24    0.29    1.05 ^ _07197_/X (sky130_fd_sc_hd__buf_6)
                                         _02121_ (net)
                  0.24    0.02    1.07 ^ _07198_/A (sky130_fd_sc_hd__clkbuf_8)
    10    0.09    0.17    0.30    1.37 ^ _07198_/X (sky130_fd_sc_hd__clkbuf_8)
                                         _02122_ (net)
                  0.17    0.00    1.37 ^ _07410_/A (sky130_fd_sc_hd__buf_8)
    11    0.15    0.24    0.28    1.65 ^ _07410_/X (sky130_fd_sc_hd__buf_8)
                                         _02334_ (net)
                  0.24    0.01    1.67 ^ _07757_/A1 (sky130_fd_sc_hd__o21a_2)
     6    0.03    0.16    0.28    1.95 ^ _07757_/X (sky130_fd_sc_hd__o21a_2)
                                         _02681_ (net)
                  0.16    0.00    1.95 ^ _07768_/A (sky130_fd_sc_hd__buf_4)
    10    0.06    0.17    0.26    2.21 ^ _07768_/X (sky130_fd_sc_hd__buf_4)
                                         _02692_ (net)
                  0.17    0.00    2.21 ^ _07945_/S0 (sky130_fd_sc_hd__mux4_2)
     2    0.02    0.12    0.62    2.83 v _07945_/X (sky130_fd_sc_hd__mux4_2)
                                         _02868_ (net)
                  0.12    0.00    2.83 v _08122_/A2 (sky130_fd_sc_hd__a311oi_4)
     2    0.03    0.42    0.47    3.30 ^ _08122_/Y (sky130_fd_sc_hd__a311oi_4)
                                         _03041_ (net)
                  0.42    0.00    3.30 ^ _08142_/A1 (sky130_fd_sc_hd__a21oi_1)
     1    0.00    0.10    0.13    3.43 v _08142_/Y (sky130_fd_sc_hd__a21oi_1)
                                         _03061_ (net)
                  0.10    0.00    3.43 v _08143_/B1 (sky130_fd_sc_hd__o21ai_1)
     2    0.01    0.24    0.18    3.61 ^ _08143_/Y (sky130_fd_sc_hd__o21ai_1)
                                         _03062_ (net)
                  0.24    0.00    3.61 ^ _10533_/B1 (sky130_fd_sc_hd__o211ai_1)
     1    0.00    0.10    0.13    3.74 v _10533_/Y (sky130_fd_sc_hd__o211ai_1)
                                         _04808_ (net)
                  0.10    0.00    3.74 v _10535_/B (sky130_fd_sc_hd__nor3_1)
     2    0.02    0.53    0.50    4.24 ^ _10535_/Y (sky130_fd_sc_hd__nor3_1)
                                         _04810_ (net)
                  0.53    0.00    4.24 ^ _10536_/D (sky130_fd_sc_hd__nand4_1)
     1    0.01    0.13    0.19    4.43 v _10536_/Y (sky130_fd_sc_hd__nand4_1)
                                         _04811_ (net)
                  0.13    0.00    4.43 v _10538_/B (sky130_fd_sc_hd__nor3_1)
     1    0.01    0.22    0.26    4.69 ^ _10538_/Y (sky130_fd_sc_hd__nor3_1)
                                         _04813_ (net)
                  0.22    0.00    4.69 ^ _10540_/C (sky130_fd_sc_hd__nand4_1)
     1    0.00    0.09    0.13    4.82 v _10540_/Y (sky130_fd_sc_hd__nand4_1)
                                         _04815_ (net)
                  0.09    0.00    4.82 v _10541_/C (sky130_fd_sc_hd__nor3_1)
     1    0.01    0.36    0.32    5.14 ^ _10541_/Y (sky130_fd_sc_hd__nor3_1)
                                         _04816_ (net)
                  0.36    0.00    5.14 ^ _10542_/D (sky130_fd_sc_hd__nand4_4)
     3    0.05    0.25    0.29    5.43 v _10542_/Y (sky130_fd_sc_hd__nand4_4)
                                         _04817_ (net)
                  0.25    0.00    5.43 v _10556_/A3 (sky130_fd_sc_hd__a31oi_2)
     2    0.01    0.22    0.34    5.77 ^ _10556_/Y (sky130_fd_sc_hd__a31oi_2)
                                         _04831_ (net)
                  0.22    0.00    5.77 ^ max_cap167/A (sky130_fd_sc_hd__buf_4)
     9    0.07    0.18    0.28    6.05 ^ max_cap167/X (sky130_fd_sc_hd__buf_4)
                                         net167 (net)
                  0.18    0.00    6.05 ^ _10634_/A (sky130_fd_sc_hd__buf_4)
    10    0.08    0.21    0.29    6.34 ^ _10634_/X (sky130_fd_sc_hd__buf_4)
                                         _04905_ (net)
                  0.21    0.00    6.34 ^ _11237_/A1 (sky130_fd_sc_hd__o21bai_1)
     1    0.00    0.07    0.12    6.46 v _11237_/Y (sky130_fd_sc_hd__o21bai_1)
                                         _05416_ (net)
                  0.07    0.00    6.46 v _11238_/B2 (sky130_fd_sc_hd__a221oi_1)
     1    0.00    0.25    0.30    6.76 ^ _11238_/Y (sky130_fd_sc_hd__a221oi_1)
                                         _01031_ (net)
                  0.25    0.00    6.76 ^ _13572_/D (sky130_fd_sc_hd__dfxtp_4)
                                  6.76   data arrival time

                  0.15   20.00   20.00   clock clk (rise edge)
                          0.00   20.00   clock network delay (ideal)
                         -0.25   19.75   clock uncertainty
                          0.00   19.75   clock reconvergence pessimism
                                 19.75 ^ _13572_/CLK (sky130_fd_sc_hd__dfxtp_4)
                         -0.09   19.66   library setup time
                                 19.66   data required time
-----------------------------------------------------------------------------
                                 19.66   data required time
                                 -6.76   data arrival time
-----------------------------------------------------------------------------
                                 12.90   slack (MET)




===========================================================================
report_checks --slack_max -0.01
============================================================================
======================= Fastest Corner ===================================

No paths found.

======================= Slowest Corner ===================================

No paths found.

======================= Typical Corner ===================================

No paths found.


===========================================================================
 report_check_types -max_slew -max_cap -max_fanout -violators
============================================================================
======================= Fastest Corner ===================================

max fanout

Pin                                   Limit Fanout  Slack
---------------------------------------------------------
_06668_/X                                10     17     -7 (VIOLATED)
_11920_/X                                10     17     -7 (VIOLATED)
_11962_/X                                10     17     -7 (VIOLATED)
_09355_/X                                10     16     -6 (VIOLATED)
_11873_/X                                10     16     -6 (VIOLATED)
_12809_/Q                                10     16     -6 (VIOLATED)
_06644_/X                                10     15     -5 (VIOLATED)
_06659_/X                                10     14     -4 (VIOLATED)
_06670_/X                                10     14     -4 (VIOLATED)
_09473_/X                                10     14     -4 (VIOLATED)
_11798_/X                                10     14     -4 (VIOLATED)
_11840_/X                                10     14     -4 (VIOLATED)
_11855_/X                                10     14     -4 (VIOLATED)
_11974_/X                                10     14     -4 (VIOLATED)
_12019_/X                                10     14     -4 (VIOLATED)
_06631_/X                                10     13     -3 (VIOLATED)
_06664_/X                                10     13     -3 (VIOLATED)
_08200_/X                                10     13     -3 (VIOLATED)
_09361_/X                                10     13     -3 (VIOLATED)
_09370_/X                                10     13     -3 (VIOLATED)
_11794_/X                                10     13     -3 (VIOLATED)
_11823_/X                                10     13     -3 (VIOLATED)
_11878_/X                                10     13     -3 (VIOLATED)
_12001_/X                                10     13     -3 (VIOLATED)
_13499_/Q                                10     13     -3 (VIOLATED)
_06295_/Y                                10     12     -2 (VIOLATED)
_06576_/X                                10     12     -2 (VIOLATED)
_06591_/X                                10     12     -2 (VIOLATED)
_06596_/X                                10     12     -2 (VIOLATED)
_06633_/X                                10     12     -2 (VIOLATED)
_06658_/X                                10     12     -2 (VIOLATED)
_06675_/X                                10     12     -2 (VIOLATED)
_09296_/X                                10     12     -2 (VIOLATED)
_09304_/X                                10     12     -2 (VIOLATED)
_09313_/X                                10     12     -2 (VIOLATED)
_09335_/X                                10     12     -2 (VIOLATED)
_09344_/X                                10     12     -2 (VIOLATED)
_09345_/X                                10     12     -2 (VIOLATED)
_09410_/X                                10     12     -2 (VIOLATED)
_10336_/X                                10     12     -2 (VIOLATED)
_11773_/X                                10     12     -2 (VIOLATED)
_11786_/X                                10     12     -2 (VIOLATED)
_11796_/X                                10     12     -2 (VIOLATED)
_11801_/X                                10     12     -2 (VIOLATED)
_11808_/X                                10     12     -2 (VIOLATED)
_11838_/X                                10     12     -2 (VIOLATED)
_11852_/X                                10     12     -2 (VIOLATED)
_11912_/X                                10     12     -2 (VIOLATED)
_11923_/X                                10     12     -2 (VIOLATED)
_11948_/X                                10     12     -2 (VIOLATED)
_11951_/X                                10     12     -2 (VIOLATED)
_11952_/X                                10     12     -2 (VIOLATED)
_11963_/X                                10     12     -2 (VIOLATED)
_12021_/X                                10     12     -2 (VIOLATED)
_12072_/X                                10     12     -2 (VIOLATED)
input51/X                                10     12     -2 (VIOLATED)
_06337_/X                                10     11        (VIOLATED)
_06422_/X                                10     11        (VIOLATED)
_06650_/X                                10     11        (VIOLATED)
_06657_/X                                10     11        (VIOLATED)
_06679_/X                                10     11        (VIOLATED)
_06904_/X                                10     11        (VIOLATED)
_07057_/X                                10     11        (VIOLATED)
_07310_/X                                10     11        (VIOLATED)
_07410_/X                                10     11        (VIOLATED)
_07548_/X                                10     11        (VIOLATED)
_07583_/X                                10     11        (VIOLATED)
_07785_/X                                10     11        (VIOLATED)
_07858_/X                                10     11        (VIOLATED)
_07862_/X                                10     11        (VIOLATED)
_08060_/X                                10     11        (VIOLATED)
_09128_/X                                10     11        (VIOLATED)
_09318_/X                                10     11        (VIOLATED)
_09332_/X                                10     11        (VIOLATED)
_09333_/X                                10     11        (VIOLATED)
_09336_/X                                10     11        (VIOLATED)
_09376_/X                                10     11        (VIOLATED)
_09377_/X                                10     11        (VIOLATED)
_09430_/X                                10     11        (VIOLATED)
_09436_/X                                10     11        (VIOLATED)
_09457_/X                                10     11        (VIOLATED)
_09630_/X                                10     11        (VIOLATED)
_10108_/X                                10     11        (VIOLATED)
_10362_/X                                10     11        (VIOLATED)
_10364_/X                                10     11        (VIOLATED)
_10370_/X                                10     11        (VIOLATED)
_11282_/X                                10     11        (VIOLATED)
_11284_/X                                10     11        (VIOLATED)
_11653_/X                                10     11        (VIOLATED)
_11677_/X                                10     11        (VIOLATED)
_11774_/X                                10     11        (VIOLATED)
_11781_/X                                10     11        (VIOLATED)
_11784_/X                                10     11        (VIOLATED)
_11789_/X                                10     11        (VIOLATED)
_11792_/X                                10     11        (VIOLATED)
_11795_/X                                10     11        (VIOLATED)
_11800_/X                                10     11        (VIOLATED)
_11811_/X                                10     11        (VIOLATED)
_11812_/X                                10     11        (VIOLATED)
_11814_/X                                10     11        (VIOLATED)
_11818_/X                                10     11        (VIOLATED)
_11819_/X                                10     11        (VIOLATED)
_11825_/X                                10     11        (VIOLATED)
_11833_/X                                10     11        (VIOLATED)
_11839_/X                                10     11        (VIOLATED)
_11869_/X                                10     11        (VIOLATED)
_11902_/X                                10     11        (VIOLATED)
_11919_/X                                10     11        (VIOLATED)
_11929_/X                                10     11        (VIOLATED)
_11943_/X                                10     11        (VIOLATED)
_11947_/X                                10     11        (VIOLATED)
_11950_/X                                10     11        (VIOLATED)
_11982_/X                                10     11        (VIOLATED)
_12055_/X                                10     11        (VIOLATED)


max slew violations count Fastest: 0
max fanout violations count Fastest: 114
max cap violations count Fastest: 0
======================= Slowest Corner ===================================

max slew

Pin                                    Limit    Slew   Slack
------------------------------------------------------------
_10038_/B1                              0.75    0.91   -0.16 (VIOLATED)
_10003_/A                               0.75    0.91   -0.16 (VIOLATED)
_10015_/A                               0.75    0.91   -0.16 (VIOLATED)
_10027_/A                               0.75    0.91   -0.16 (VIOLATED)
_10039_/B1                              0.75    0.91   -0.16 (VIOLATED)
_10002_/Y                               0.75    0.91   -0.16 (VIOLATED)
_11758_/A                               0.75    0.91   -0.16 (VIOLATED)
_11745_/A                               0.75    0.91   -0.16 (VIOLATED)
_11770_/B1                              0.75    0.91   -0.16 (VIOLATED)
_11769_/B1                              0.75    0.91   -0.16 (VIOLATED)
_11732_/A                               0.75    0.91   -0.16 (VIOLATED)
_11731_/Y                               0.75    0.91   -0.16 (VIOLATED)
ANTENNA_89/DIODE                        0.75    0.91   -0.16 (VIOLATED)
_10535_/Y                               0.75    0.91   -0.16 (VIOLATED)
_10536_/D                               0.75    0.91   -0.16 (VIOLATED)
_07828_/A2                              0.75    0.88   -0.13 (VIOLATED)
_08334_/A1                              0.75    0.88   -0.13 (VIOLATED)
_08165_/A2                              0.75    0.88   -0.13 (VIOLATED)
_07942_/A2                              0.75    0.88   -0.13 (VIOLATED)
_08412_/A2                              0.75    0.88   -0.13 (VIOLATED)
_08023_/A2                              0.75    0.88   -0.13 (VIOLATED)
_07987_/A2                              0.75    0.88   -0.13 (VIOLATED)
_08434_/A2                              0.75    0.88   -0.13 (VIOLATED)
_08382_/A2                              0.75    0.88   -0.13 (VIOLATED)
_07825_/Y                               0.75    0.88   -0.13 (VIOLATED)
_07976_/A1                              0.75    0.85   -0.10 (VIOLATED)
_08643_/A2                              0.75    0.85   -0.10 (VIOLATED)
_07774_/A2                              0.75    0.85   -0.10 (VIOLATED)
_08110_/A2                              0.75    0.85   -0.10 (VIOLATED)
_08042_/B2                              0.75    0.85   -0.10 (VIOLATED)
_08721_/A1                              0.75    0.85   -0.10 (VIOLATED)
_08667_/A2                              0.75    0.85   -0.10 (VIOLATED)
_08687_/A0                              0.75    0.85   -0.10 (VIOLATED)
_07767_/Y                               0.75    0.85   -0.10 (VIOLATED)
_08044_/A2                              0.75    0.84   -0.09 (VIOLATED)
_07911_/A2                              0.75    0.84   -0.09 (VIOLATED)
_08372_/A2                              0.75    0.84   -0.09 (VIOLATED)
_08791_/A2                              0.75    0.84   -0.09 (VIOLATED)
_08768_/A0                              0.75    0.84   -0.09 (VIOLATED)
_08772_/A                               0.75    0.84   -0.09 (VIOLATED)
_08826_/A2                              0.75    0.84   -0.09 (VIOLATED)
_07909_/Y                               0.75    0.84   -0.09 (VIOLATED)
_11704_/A                               0.75    0.84   -0.09 (VIOLATED)
_11717_/A                               0.75    0.84   -0.09 (VIOLATED)
_11730_/B1                              0.75    0.84   -0.09 (VIOLATED)
_11729_/B1                              0.75    0.84   -0.09 (VIOLATED)
_11691_/A                               0.75    0.84   -0.09 (VIOLATED)
_11690_/Y                               0.75    0.84   -0.09 (VIOLATED)
_08495_/A2                              0.75    0.82   -0.07 (VIOLATED)
_07937_/A2                              0.75    0.82   -0.07 (VIOLATED)
_08026_/A2                              0.75    0.82   -0.07 (VIOLATED)
_07759_/A3                              0.75    0.82   -0.07 (VIOLATED)
_08527_/A1                              0.75    0.82   -0.07 (VIOLATED)
_08573_/A2                              0.75    0.82   -0.07 (VIOLATED)
_08524_/A2                              0.75    0.82   -0.07 (VIOLATED)
_07754_/Y                               0.75    0.82   -0.07 (VIOLATED)
_08021_/B                               0.75    0.81   -0.06 (VIOLATED)
_10530_/B                               0.75    0.81   -0.06 (VIOLATED)
ANTENNA_47/DIODE                        0.75    0.81   -0.06 (VIOLATED)
_10502_/B                               0.75    0.81   -0.06 (VIOLATED)
_08020_/Y                               0.75    0.81   -0.06 (VIOLATED)
_08666_/A2                              0.75    0.81   -0.06 (VIOLATED)
_08617_/A1                              0.75    0.81   -0.06 (VIOLATED)
_08643_/A3                              0.75    0.81   -0.06 (VIOLATED)
_07975_/A2                              0.75    0.81   -0.06 (VIOLATED)
_07759_/A0                              0.75    0.81   -0.06 (VIOLATED)
_08574_/A2                              0.75    0.81   -0.06 (VIOLATED)
_08570_/A2                              0.75    0.81   -0.06 (VIOLATED)
_07750_/Y                               0.75    0.81   -0.06 (VIOLATED)
_10120_/B1                              0.75    0.80   -0.05 (VIOLATED)
_10109_/A                               0.75    0.80   -0.05 (VIOLATED)
_10085_/A                               0.75    0.80   -0.05 (VIOLATED)
_10121_/B1                              0.75    0.80   -0.05 (VIOLATED)
_10097_/A                               0.75    0.80   -0.05 (VIOLATED)
_10084_/Y                               0.75    0.80   -0.05 (VIOLATED)
_07258_/Y                               0.75    0.80   -0.05 (VIOLATED)
_10774_/B2                              0.75    0.80   -0.05 (VIOLATED)
wire204/A                               0.75    0.80   -0.05 (VIOLATED)
_09144_/A                               0.75    0.79   -0.04 (VIOLATED)
_09189_/A2                              0.75    0.79   -0.04 (VIOLATED)
_09166_/A                               0.75    0.79   -0.04 (VIOLATED)
_09191_/A2                              0.75    0.79   -0.04 (VIOLATED)
ANTENNA_239/DIODE                       0.75    0.79   -0.04 (VIOLATED)
_09120_/A                               0.75    0.79   -0.04 (VIOLATED)
_09119_/Y                               0.75    0.79   -0.04 (VIOLATED)
_08077_/Y                               0.75    0.79   -0.04 (VIOLATED)
_08081_/B1                              0.75    0.79   -0.04 (VIOLATED)
_10532_/B1                              0.75    0.79   -0.04 (VIOLATED)
_08103_/B2                              0.75    0.79   -0.04 (VIOLATED)
_07896_/B2                              0.75    0.79   -0.04 (VIOLATED)
_08039_/A                               0.75    0.79   -0.04 (VIOLATED)
_08322_/C                               0.75    0.79   -0.04 (VIOLATED)
_07362_/Y                               0.75    0.79   -0.04 (VIOLATED)
_07363_/A2                              0.75    0.79   -0.04 (VIOLATED)
_08074_/B                               0.75    0.79   -0.04 (VIOLATED)
_09211_/A                               0.75    0.78   -0.03 (VIOLATED)
_09237_/B1                              0.75    0.78   -0.03 (VIOLATED)
ANTENNA_53/DIODE                        0.75    0.78   -0.03 (VIOLATED)
_09224_/A                               0.75    0.78   -0.03 (VIOLATED)
_09238_/B1                              0.75    0.78   -0.03 (VIOLATED)
_09198_/A                               0.75    0.78   -0.03 (VIOLATED)
_09197_/Y                               0.75    0.78   -0.03 (VIOLATED)
_07222_/Y                               0.75    0.78   -0.03 (VIOLATED)
_10981_/A2                              0.75    0.78   -0.03 (VIOLATED)
max_cap192/A                            0.75    0.78   -0.03 (VIOLATED)
_08820_/Y                               0.75    0.78   -0.03 (VIOLATED)
wire173/A                               0.75    0.78   -0.03 (VIOLATED)
_10931_/Y                               0.75    0.76   -0.01 (VIOLATED)
_10932_/A3                              0.75    0.76   -0.01 (VIOLATED)
_10079_/B1                              0.75    0.76   -0.01 (VIOLATED)
_10068_/A                               0.75    0.76   -0.01 (VIOLATED)
_10080_/B1                              0.75    0.76   -0.01 (VIOLATED)
_10044_/A                               0.75    0.76   -0.01 (VIOLATED)
_10056_/A                               0.75    0.76   -0.01 (VIOLATED)
_10043_/Y                               0.75    0.76   -0.01 (VIOLATED)
_08235_/B                               0.75    0.76   -0.01 (VIOLATED)
_10531_/A                               0.75    0.76   -0.01 (VIOLATED)
_10505_/A                               0.75    0.76   -0.01 (VIOLATED)
_08234_/Y                               0.75    0.76   -0.01 (VIOLATED)
_11046_/B1                              0.75    0.76   -0.01 (VIOLATED)
_11045_/X                               0.75    0.76   -0.01 (VIOLATED)

max fanout

Pin                                   Limit Fanout  Slack
---------------------------------------------------------
_06668_/X                                10     17     -7 (VIOLATED)
_11920_/X                                10     17     -7 (VIOLATED)
_11962_/X                                10     17     -7 (VIOLATED)
_09355_/X                                10     16     -6 (VIOLATED)
_11873_/X                                10     16     -6 (VIOLATED)
_12809_/Q                                10     16     -6 (VIOLATED)
_06644_/X                                10     15     -5 (VIOLATED)
_06659_/X                                10     14     -4 (VIOLATED)
_06670_/X                                10     14     -4 (VIOLATED)
_09473_/X                                10     14     -4 (VIOLATED)
_11798_/X                                10     14     -4 (VIOLATED)
_11840_/X                                10     14     -4 (VIOLATED)
_11855_/X                                10     14     -4 (VIOLATED)
_11974_/X                                10     14     -4 (VIOLATED)
_12019_/X                                10     14     -4 (VIOLATED)
_06631_/X                                10     13     -3 (VIOLATED)
_06664_/X                                10     13     -3 (VIOLATED)
_08200_/X                                10     13     -3 (VIOLATED)
_09361_/X                                10     13     -3 (VIOLATED)
_09370_/X                                10     13     -3 (VIOLATED)
_11794_/X                                10     13     -3 (VIOLATED)
_11823_/X                                10     13     -3 (VIOLATED)
_11878_/X                                10     13     -3 (VIOLATED)
_12001_/X                                10     13     -3 (VIOLATED)
_13499_/Q                                10     13     -3 (VIOLATED)
_06295_/Y                                10     12     -2 (VIOLATED)
_06576_/X                                10     12     -2 (VIOLATED)
_06591_/X                                10     12     -2 (VIOLATED)
_06596_/X                                10     12     -2 (VIOLATED)
_06633_/X                                10     12     -2 (VIOLATED)
_06658_/X                                10     12     -2 (VIOLATED)
_06675_/X                                10     12     -2 (VIOLATED)
_09296_/X                                10     12     -2 (VIOLATED)
_09304_/X                                10     12     -2 (VIOLATED)
_09313_/X                                10     12     -2 (VIOLATED)
_09335_/X                                10     12     -2 (VIOLATED)
_09344_/X                                10     12     -2 (VIOLATED)
_09345_/X                                10     12     -2 (VIOLATED)
_09410_/X                                10     12     -2 (VIOLATED)
_10336_/X                                10     12     -2 (VIOLATED)
_11773_/X                                10     12     -2 (VIOLATED)
_11786_/X                                10     12     -2 (VIOLATED)
_11796_/X                                10     12     -2 (VIOLATED)
_11801_/X                                10     12     -2 (VIOLATED)
_11808_/X                                10     12     -2 (VIOLATED)
_11838_/X                                10     12     -2 (VIOLATED)
_11852_/X                                10     12     -2 (VIOLATED)
_11912_/X                                10     12     -2 (VIOLATED)
_11923_/X                                10     12     -2 (VIOLATED)
_11948_/X                                10     12     -2 (VIOLATED)
_11951_/X                                10     12     -2 (VIOLATED)
_11952_/X                                10     12     -2 (VIOLATED)
_11963_/X                                10     12     -2 (VIOLATED)
_12021_/X                                10     12     -2 (VIOLATED)
_12072_/X                                10     12     -2 (VIOLATED)
input51/X                                10     12     -2 (VIOLATED)
_06337_/X                                10     11        (VIOLATED)
_06422_/X                                10     11        (VIOLATED)
_06650_/X                                10     11        (VIOLATED)
_06657_/X                                10     11        (VIOLATED)
_06679_/X                                10     11        (VIOLATED)
_06904_/X                                10     11        (VIOLATED)
_07057_/X                                10     11        (VIOLATED)
_07310_/X                                10     11        (VIOLATED)
_07410_/X                                10     11        (VIOLATED)
_07548_/X                                10     11        (VIOLATED)
_07583_/X                                10     11        (VIOLATED)
_07785_/X                                10     11        (VIOLATED)
_07858_/X                                10     11        (VIOLATED)
_07862_/X                                10     11        (VIOLATED)
_08060_/X                                10     11        (VIOLATED)
_09128_/X                                10     11        (VIOLATED)
_09318_/X                                10     11        (VIOLATED)
_09332_/X                                10     11        (VIOLATED)
_09333_/X                                10     11        (VIOLATED)
_09336_/X                                10     11        (VIOLATED)
_09376_/X                                10     11        (VIOLATED)
_09377_/X                                10     11        (VIOLATED)
_09430_/X                                10     11        (VIOLATED)
_09436_/X                                10     11        (VIOLATED)
_09457_/X                                10     11        (VIOLATED)
_09630_/X                                10     11        (VIOLATED)
_10108_/X                                10     11        (VIOLATED)
_10362_/X                                10     11        (VIOLATED)
_10364_/X                                10     11        (VIOLATED)
_10370_/X                                10     11        (VIOLATED)
_11282_/X                                10     11        (VIOLATED)
_11284_/X                                10     11        (VIOLATED)
_11653_/X                                10     11        (VIOLATED)
_11677_/X                                10     11        (VIOLATED)
_11774_/X                                10     11        (VIOLATED)
_11781_/X                                10     11        (VIOLATED)
_11784_/X                                10     11        (VIOLATED)
_11789_/X                                10     11        (VIOLATED)
_11792_/X                                10     11        (VIOLATED)
_11795_/X                                10     11        (VIOLATED)
_11800_/X                                10     11        (VIOLATED)
_11811_/X                                10     11        (VIOLATED)
_11812_/X                                10     11        (VIOLATED)
_11814_/X                                10     11        (VIOLATED)
_11818_/X                                10     11        (VIOLATED)
_11819_/X                                10     11        (VIOLATED)
_11825_/X                                10     11        (VIOLATED)
_11833_/X                                10     11        (VIOLATED)
_11839_/X                                10     11        (VIOLATED)
_11869_/X                                10     11        (VIOLATED)
_11902_/X                                10     11        (VIOLATED)
_11919_/X                                10     11        (VIOLATED)
_11929_/X                                10     11        (VIOLATED)
_11943_/X                                10     11        (VIOLATED)
_11947_/X                                10     11        (VIOLATED)
_11950_/X                                10     11        (VIOLATED)
_11982_/X                                10     11        (VIOLATED)
_12055_/X                                10     11        (VIOLATED)


max slew violations count Slowest: 121
max fanout violations count Slowest: 114
max cap violations count Slowest: 0
======================= Typical Corner ===================================

max fanout

Pin                                   Limit Fanout  Slack
---------------------------------------------------------
_06668_/X                                10     17     -7 (VIOLATED)
_11920_/X                                10     17     -7 (VIOLATED)
_11962_/X                                10     17     -7 (VIOLATED)
_09355_/X                                10     16     -6 (VIOLATED)
_11873_/X                                10     16     -6 (VIOLATED)
_12809_/Q                                10     16     -6 (VIOLATED)
_06644_/X                                10     15     -5 (VIOLATED)
_06659_/X                                10     14     -4 (VIOLATED)
_06670_/X                                10     14     -4 (VIOLATED)
_09473_/X                                10     14     -4 (VIOLATED)
_11798_/X                                10     14     -4 (VIOLATED)
_11840_/X                                10     14     -4 (VIOLATED)
_11855_/X                                10     14     -4 (VIOLATED)
_11974_/X                                10     14     -4 (VIOLATED)
_12019_/X                                10     14     -4 (VIOLATED)
_06631_/X                                10     13     -3 (VIOLATED)
_06664_/X                                10     13     -3 (VIOLATED)
_08200_/X                                10     13     -3 (VIOLATED)
_09361_/X                                10     13     -3 (VIOLATED)
_09370_/X                                10     13     -3 (VIOLATED)
_11794_/X                                10     13     -3 (VIOLATED)
_11823_/X                                10     13     -3 (VIOLATED)
_11878_/X                                10     13     -3 (VIOLATED)
_12001_/X                                10     13     -3 (VIOLATED)
_13499_/Q                                10     13     -3 (VIOLATED)
_06295_/Y                                10     12     -2 (VIOLATED)
_06576_/X                                10     12     -2 (VIOLATED)
_06591_/X                                10     12     -2 (VIOLATED)
_06596_/X                                10     12     -2 (VIOLATED)
_06633_/X                                10     12     -2 (VIOLATED)
_06658_/X                                10     12     -2 (VIOLATED)
_06675_/X                                10     12     -2 (VIOLATED)
_09296_/X                                10     12     -2 (VIOLATED)
_09304_/X                                10     12     -2 (VIOLATED)
_09313_/X                                10     12     -2 (VIOLATED)
_09335_/X                                10     12     -2 (VIOLATED)
_09344_/X                                10     12     -2 (VIOLATED)
_09345_/X                                10     12     -2 (VIOLATED)
_09410_/X                                10     12     -2 (VIOLATED)
_10336_/X                                10     12     -2 (VIOLATED)
_11773_/X                                10     12     -2 (VIOLATED)
_11786_/X                                10     12     -2 (VIOLATED)
_11796_/X                                10     12     -2 (VIOLATED)
_11801_/X                                10     12     -2 (VIOLATED)
_11808_/X                                10     12     -2 (VIOLATED)
_11838_/X                                10     12     -2 (VIOLATED)
_11852_/X                                10     12     -2 (VIOLATED)
_11912_/X                                10     12     -2 (VIOLATED)
_11923_/X                                10     12     -2 (VIOLATED)
_11948_/X                                10     12     -2 (VIOLATED)
_11951_/X                                10     12     -2 (VIOLATED)
_11952_/X                                10     12     -2 (VIOLATED)
_11963_/X                                10     12     -2 (VIOLATED)
_12021_/X                                10     12     -2 (VIOLATED)
_12072_/X                                10     12     -2 (VIOLATED)
input51/X                                10     12     -2 (VIOLATED)
_06337_/X                                10     11        (VIOLATED)
_06422_/X                                10     11        (VIOLATED)
_06650_/X                                10     11        (VIOLATED)
_06657_/X                                10     11        (VIOLATED)
_06679_/X                                10     11        (VIOLATED)
_06904_/X                                10     11        (VIOLATED)
_07057_/X                                10     11        (VIOLATED)
_07310_/X                                10     11        (VIOLATED)
_07410_/X                                10     11        (VIOLATED)
_07548_/X                                10     11        (VIOLATED)
_07583_/X                                10     11        (VIOLATED)
_07785_/X                                10     11        (VIOLATED)
_07858_/X                                10     11        (VIOLATED)
_07862_/X                                10     11        (VIOLATED)
_08060_/X                                10     11        (VIOLATED)
_09128_/X                                10     11        (VIOLATED)
_09318_/X                                10     11        (VIOLATED)
_09332_/X                                10     11        (VIOLATED)
_09333_/X                                10     11        (VIOLATED)
_09336_/X                                10     11        (VIOLATED)
_09376_/X                                10     11        (VIOLATED)
_09377_/X                                10     11        (VIOLATED)
_09430_/X                                10     11        (VIOLATED)
_09436_/X                                10     11        (VIOLATED)
_09457_/X                                10     11        (VIOLATED)
_09630_/X                                10     11        (VIOLATED)
_10108_/X                                10     11        (VIOLATED)
_10362_/X                                10     11        (VIOLATED)
_10364_/X                                10     11        (VIOLATED)
_10370_/X                                10     11        (VIOLATED)
_11282_/X                                10     11        (VIOLATED)
_11284_/X                                10     11        (VIOLATED)
_11653_/X                                10     11        (VIOLATED)
_11677_/X                                10     11        (VIOLATED)
_11774_/X                                10     11        (VIOLATED)
_11781_/X                                10     11        (VIOLATED)
_11784_/X                                10     11        (VIOLATED)
_11789_/X                                10     11        (VIOLATED)
_11792_/X                                10     11        (VIOLATED)
_11795_/X                                10     11        (VIOLATED)
_11800_/X                                10     11        (VIOLATED)
_11811_/X                                10     11        (VIOLATED)
_11812_/X                                10     11        (VIOLATED)
_11814_/X                                10     11        (VIOLATED)
_11818_/X                                10     11        (VIOLATED)
_11819_/X                                10     11        (VIOLATED)
_11825_/X                                10     11        (VIOLATED)
_11833_/X                                10     11        (VIOLATED)
_11839_/X                                10     11        (VIOLATED)
_11869_/X                                10     11        (VIOLATED)
_11902_/X                                10     11        (VIOLATED)
_11919_/X                                10     11        (VIOLATED)
_11929_/X                                10     11        (VIOLATED)
_11943_/X                                10     11        (VIOLATED)
_11947_/X                                10     11        (VIOLATED)
_11950_/X                                10     11        (VIOLATED)
_11982_/X                                10     11        (VIOLATED)
_12055_/X                                10     11        (VIOLATED)


max slew violations count Typical: 0
max fanout violations count Typical: 114
max cap violations count Typical: 0

===========================================================================
report_parasitic_annotation -report_unannotated
============================================================================
Found 4 unannotated drivers.
 _12670__217/HI
 _12671__216/HI
 _13474__218/HI
 riscv_cpu_219/LO
Found 0 partially unannotated drivers.

===========================================================================
max slew violation count 121
max fanout violation count 114
max cap violation count 0
============================================================================

===========================================================================
check_setup -verbose -unconstrained_endpoints -multiple_clock -no_clock -no_input_delay -loops -generated_clocks
===========================================================================
Warning: There are 4 unconstrained endpoints.
  dmem_byte_en[0]
  _12670_/D
  _12671_/D
  _13474_/D
