
===========================================================================
 report_power
============================================================================
======================= Fastest Corner ===================================

Group                  Internal  Switching    Leakage      Total
                          Power      Power      Power      Power (Watts)
----------------------------------------------------------------
Sequential             3.69e-03   5.39e-04   2.31e-08   4.23e-03  30.9%
Combinational          3.93e-03   5.55e-03   2.15e-07   9.48e-03  69.1%
Macro                  0.00e+00   0.00e+00   0.00e+00   0.00e+00   0.0%
Pad                    0.00e+00   0.00e+00   0.00e+00   0.00e+00   0.0%
----------------------------------------------------------------
Total                  7.63e-03   6.09e-03   2.38e-07   1.37e-02 100.0%
                          55.6%      44.4%       0.0%

======================= Slowest Corner ===================================

Group                  Internal  Switching    Leakage      Total
                          Power      Power      Power      Power (Watts)
----------------------------------------------------------------
Sequential             2.44e-03   3.60e-04   2.21e-05   2.82e-03  30.0%
Combinational          2.86e-03   3.67e-03   4.87e-05   6.58e-03  70.0%
Macro                  0.00e+00   0.00e+00   0.00e+00   0.00e+00   0.0%
Pad                    0.00e+00   0.00e+00   0.00e+00   0.00e+00   0.0%
----------------------------------------------------------------
Total                  5.30e-03   4.03e-03   7.08e-05   9.40e-03 100.0%
                          56.4%      42.9%       0.8%

======================= Typical Corner ===================================

Group                  Internal  Switching    Leakage      Total
                          Power      Power      Power      Power (Watts)
----------------------------------------------------------------
Sequential             3.15e-03   4.57e-04   1.25e-08   3.61e-03  30.5%
Combinational          3.51e-03   4.70e-03   1.50e-07   8.21e-03  69.5%
Macro                  0.00e+00   0.00e+00   0.00e+00   0.00e+00   0.0%
Pad                    0.00e+00   0.00e+00   0.00e+00   0.00e+00   0.0%
----------------------------------------------------------------
Total                  6.66e-03   5.15e-03   1.62e-07   1.18e-02 100.0%
                          56.4%      43.6%       0.0%

