
===========================================================================
 report_power
============================================================================
======================= Fastest Corner ===================================

Group                  Internal  Switching    Leakage      Total
                          Power      Power      Power      Power (Watts)
----------------------------------------------------------------
Sequential             3.77e-03   5.55e-04   2.26e-08   4.32e-03  28.3%
Combinational          4.26e-03   6.66e-03   1.60e-07   1.09e-02  71.7%
Macro                  0.00e+00   0.00e+00   0.00e+00   0.00e+00   0.0%
Pad                    0.00e+00   0.00e+00   0.00e+00   0.00e+00   0.0%
----------------------------------------------------------------
Total                  8.03e-03   7.21e-03   1.83e-07   1.52e-02 100.0%
                          52.7%      47.3%       0.0%

======================= Slowest Corner ===================================

Group                  Internal  Switching    Leakage      Total
                          Power      Power      Power      Power (Watts)
----------------------------------------------------------------
Sequential             2.49e-03   3.69e-04   2.19e-05   2.88e-03  27.6%
Combinational          3.11e-03   4.41e-03   5.14e-05   7.57e-03  72.4%
Macro                  0.00e+00   0.00e+00   0.00e+00   0.00e+00   0.0%
Pad                    0.00e+00   0.00e+00   0.00e+00   0.00e+00   0.0%
----------------------------------------------------------------
Total                  5.60e-03   4.78e-03   7.33e-05   1.05e-02 100.0%
                          53.6%      45.7%       0.7%

======================= Typical Corner ===================================

Group                  Internal  Switching    Leakage      Total
                          Power      Power      Power      Power (Watts)
----------------------------------------------------------------
Sequential             3.21e-03   4.70e-04   1.25e-08   3.68e-03  28.0%
Combinational          3.82e-03   5.63e-03   9.50e-08   9.45e-03  72.0%
Macro                  0.00e+00   0.00e+00   0.00e+00   0.00e+00   0.0%
Pad                    0.00e+00   0.00e+00   0.00e+00   0.00e+00   0.0%
----------------------------------------------------------------
Total                  7.03e-03   6.10e-03   1.07e-07   1.31e-02 100.0%
                          53.5%      46.5%       0.0%

