
===========================================================================
report_checks -unconstrained
===========================================================================
======================= Fastest Corner ===================================

Startpoint: rst (input port clocked by clk)
Endpoint: _13188_ (rising edge-triggered flip-flop clocked by clk)
Path Group: clk
Path Type: max
Corner: Fastest

Fanout     Cap    Slew   Delay    Time   Description
-----------------------------------------------------------------------------
                  0.15    0.00    0.00   clock clk (rise edge)
                          0.00    0.00   clock network delay (ideal)
                          4.00    4.00 ^ input external delay
     1    0.00    0.02    0.01    4.01 ^ rst (in)
                                         rst (net)
                  0.02    0.00    4.01 ^ input65/A (sky130_fd_sc_hd__clkbuf_8)
     1    0.10    0.13    0.16    4.17 ^ input65/X (sky130_fd_sc_hd__clkbuf_8)
                                         net65 (net)
                  0.13    0.01    4.18 ^ _06276_/A (sky130_fd_sc_hd__buf_8)
     9    0.14    0.18    0.17    4.35 ^ _06276_/X (sky130_fd_sc_hd__buf_8)
                                         _01484_ (net)
                  0.18    0.03    4.38 ^ _06366_/A (sky130_fd_sc_hd__inv_2)
     3    0.01    0.04    0.03    4.41 v _06366_/Y (sky130_fd_sc_hd__inv_2)
                                         _01571_ (net)
                  0.04    0.00    4.41 v _06367_/A (sky130_fd_sc_hd__buf_4)
    10    0.08    0.08    0.15    4.56 v _06367_/X (sky130_fd_sc_hd__buf_4)
                                         _01572_ (net)
                  0.08    0.01    4.57 v _09239_/B (sky130_fd_sc_hd__and4_4)
     8    0.05    0.07    0.17    4.74 v _09239_/X (sky130_fd_sc_hd__and4_4)
                                         _03963_ (net)
                  0.07    0.01    4.75 v _10081_/B (sky130_fd_sc_hd__and4_1)
     1    0.01    0.04    0.14    4.89 v _10081_/X (sky130_fd_sc_hd__and4_1)
                                         _04645_ (net)
                  0.04    0.00    4.89 v _10082_/A (sky130_fd_sc_hd__buf_8)
     6    0.19    0.10    0.15    5.03 v _10082_/X (sky130_fd_sc_hd__buf_8)
                                         _04646_ (net)
                  0.11    0.02    5.05 v _10084_/B (sky130_fd_sc_hd__nor2_8)
     5    0.17    0.45    0.38    5.43 ^ _10084_/Y (sky130_fd_sc_hd__nor2_8)
                                         _04648_ (net)
                  0.45    0.01    5.44 ^ _10085_/A (sky130_fd_sc_hd__clkbuf_4)
    10    0.06    0.15    0.24    5.68 ^ _10085_/X (sky130_fd_sc_hd__clkbuf_4)
                                         _04649_ (net)
                  0.15    0.01    5.69 ^ _10090_/B1 (sky130_fd_sc_hd__a22o_1)
     1    0.00    0.03    0.09    5.77 ^ _10090_/X (sky130_fd_sc_hd__a22o_1)
                                         _00650_ (net)
                  0.03    0.00    5.77 ^ _13188_/D (sky130_fd_sc_hd__dfxtp_1)
                                  5.77   data arrival time

                  0.15   20.00   20.00   clock clk (rise edge)
                          0.00   20.00   clock network delay (ideal)
                         -0.25   19.75   clock uncertainty
                          0.00   19.75   clock reconvergence pessimism
                                 19.75 ^ _13188_/CLK (sky130_fd_sc_hd__dfxtp_1)
                         -0.03   19.72   library setup time
                                 19.72   data required time
-----------------------------------------------------------------------------
                                 19.72   data required time
                                 -5.77   data arrival time
-----------------------------------------------------------------------------
                                 13.95   slack (MET)



======================= Slowest Corner ===================================

Startpoint: _12672_ (rising edge-triggered flip-flop clocked by clk)
Endpoint: _13572_ (rising edge-triggered flip-flop clocked by clk)
Path Group: clk
Path Type: max
Corner: Slowest

Fanout     Cap    Slew   Delay    Time   Description
-----------------------------------------------------------------------------
                  0.15    0.00    0.00   clock clk (rise edge)
                          0.00    0.00   clock network delay (ideal)
                  0.15    0.00    0.00 ^ _12672_/CLK (sky130_fd_sc_hd__dfxtp_4)
     7    0.06    0.29    0.95    0.95 ^ _12672_/Q (sky130_fd_sc_hd__dfxtp_4)
                                         alu_src_ex (net)
                  0.29    0.01    0.96 ^ _07196_/A (sky130_fd_sc_hd__buf_6)
    10    0.11    0.35    0.50    1.46 ^ _07196_/X (sky130_fd_sc_hd__buf_6)
                                         _02120_ (net)
                  0.35    0.01    1.46 ^ _07197_/A (sky130_fd_sc_hd__buf_6)
    10    0.13    0.42    0.56    2.02 ^ _07197_/X (sky130_fd_sc_hd__buf_6)
                                         _02121_ (net)
                  0.43    0.04    2.07 ^ _07198_/A (sky130_fd_sc_hd__clkbuf_8)
    10    0.10    0.29    0.58    2.64 ^ _07198_/X (sky130_fd_sc_hd__clkbuf_8)
                                         _02122_ (net)
                  0.29    0.01    2.66 ^ _07410_/A (sky130_fd_sc_hd__buf_8)
    11    0.16    0.41    0.52    3.18 ^ _07410_/X (sky130_fd_sc_hd__buf_8)
                                         _02334_ (net)
                  0.42    0.04    3.22 ^ _07757_/A1 (sky130_fd_sc_hd__o21a_2)
     6    0.03    0.28    0.58    3.80 ^ _07757_/X (sky130_fd_sc_hd__o21a_2)
                                         _02681_ (net)
                  0.28    0.00    3.80 ^ _07768_/A (sky130_fd_sc_hd__buf_4)
    10    0.07    0.30    0.49    4.30 ^ _07768_/X (sky130_fd_sc_hd__buf_4)
                                         _02692_ (net)
                  0.30    0.01    4.30 ^ _07945_/S0 (sky130_fd_sc_hd__mux4_2)
     2    0.02    0.24    1.40    5.70 v _07945_/X (sky130_fd_sc_hd__mux4_2)
                                         _02868_ (net)
                  0.24    0.00    5.70 v _08122_/A2 (sky130_fd_sc_hd__a311oi_4)
     2    0.03    0.69    0.83    6.53 ^ _08122_/Y (sky130_fd_sc_hd__a311oi_4)
                                         _03041_ (net)
                  0.69    0.00    6.53 ^ _08142_/A1 (sky130_fd_sc_hd__a21oi_1)
     1    0.00    0.19    0.37    6.90 v _08142_/Y (sky130_fd_sc_hd__a21oi_1)
                                         _03061_ (net)
                  0.19    0.00    6.90 v _08143_/B1 (sky130_fd_sc_hd__o21ai_1)
     2    0.01    0.45    0.36    7.26 ^ _08143_/Y (sky130_fd_sc_hd__o21ai_1)
                                         _03062_ (net)
                  0.45    0.00    7.26 ^ _10533_/B1 (sky130_fd_sc_hd__o211ai_1)
     1    0.00    0.20    0.34    7.59 v _10533_/Y (sky130_fd_sc_hd__o211ai_1)
                                         _04808_ (net)
                  0.20    0.00    7.60 v _10535_/B (sky130_fd_sc_hd__nor3_1)
     2    0.02    1.04    0.98    8.58 ^ _10535_/Y (sky130_fd_sc_hd__nor3_1)
                                         _04810_ (net)
                  1.04    0.00    8.58 ^ _10536_/D (sky130_fd_sc_hd__nand4_1)
     1    0.01    0.29    0.57    9.15 v _10536_/Y (sky130_fd_sc_hd__nand4_1)
                                         _04811_ (net)
                  0.29    0.00    9.15 v _10538_/B (sky130_fd_sc_hd__nor3_1)
     1    0.01    0.40    0.51    9.66 ^ _10538_/Y (sky130_fd_sc_hd__nor3_1)
                                         _04813_ (net)
                  0.40    0.00    9.66 ^ _10540_/C (sky130_fd_sc_hd__nand4_1)
     1    0.00    0.21    0.35   10.01 v _10540_/Y (sky130_fd_sc_hd__nand4_1)
                                         _04815_ (net)
                  0.21    0.00   10.01 v _10541_/C (sky130_fd_sc_hd__nor3_1)
     1    0.01    0.64    0.60   10.61 ^ _10541_/Y (sky130_fd_sc_hd__nor3_1)
                                         _04816_ (net)
                  0.64    0.00   10.61 ^ _10542_/D (sky130_fd_sc_hd__nand4_4)
     3    0.05    0.54    0.71   11.32 v _10542_/Y (sky130_fd_sc_hd__nand4_4)
                                         _04817_ (net)
                  0.54    0.01   11.32 v _10556_/A3 (sky130_fd_sc_hd__a31oi_2)
     2    0.01    0.38    0.65   11.97 ^ _10556_/Y (sky130_fd_sc_hd__a31oi_2)
                                         _04831_ (net)
                  0.38    0.00   11.98 ^ max_cap167/A (sky130_fd_sc_hd__buf_4)
     9    0.07    0.33    0.55   12.53 ^ max_cap167/X (sky130_fd_sc_hd__buf_4)
                                         net167 (net)
                  0.33    0.01   12.54 ^ _10634_/A (sky130_fd_sc_hd__buf_4)
    10    0.09    0.38    0.57   13.11 ^ _10634_/X (sky130_fd_sc_hd__buf_4)
                                         _04905_ (net)
                  0.38    0.00   13.11 ^ _11237_/A1 (sky130_fd_sc_hd__o21bai_1)
     1    0.00    0.14    0.29   13.40 v _11237_/Y (sky130_fd_sc_hd__o21bai_1)
                                         _05416_ (net)
                  0.14    0.00   13.40 v _11238_/B2 (sky130_fd_sc_hd__a221oi_1)
     1    0.00    0.42    0.54   13.94 ^ _11238_/Y (sky130_fd_sc_hd__a221oi_1)
                                         _01031_ (net)
                  0.42    0.00   13.94 ^ _13572_/D (sky130_fd_sc_hd__dfxtp_4)
                                 13.94   data arrival time

                  0.15   20.00   20.00   clock clk (rise edge)
                          0.00   20.00   clock network delay (ideal)
                         -0.25   19.75   clock uncertainty
                          0.00   19.75   clock reconvergence pessimism
                                 19.75 ^ _13572_/CLK (sky130_fd_sc_hd__dfxtp_4)
                         -0.22   19.53   library setup time
                                 19.53   data required time
-----------------------------------------------------------------------------
                                 19.53   data required time
                                -13.94   data arrival time
-----------------------------------------------------------------------------
                                  5.59   slack (MET)



======================= Typical Corner ===================================

Startpoint: _12672_ (rising edge-triggered flip-flop clocked by clk)
Endpoint: _13572_ (rising edge-triggered flip-flop clocked by clk)
Path Group: clk
Path Type: max
Corner: Typical

Fanout     Cap    Slew   Delay    Time   Description
-----------------------------------------------------------------------------
                  0.15    0.00    0.00   clock clk (rise edge)
                          0.00    0.00   clock network delay (ideal)
                  0.15    0.00    0.00 ^ _12672_/CLK (sky130_fd_sc_hd__dfxtp_4)
     7    0.06    0.18    0.50    0.50 ^ _12672_/Q (sky130_fd_sc_hd__dfxtp_4)
                                         alu_src_ex (net)
                  0.18    0.01    0.51 ^ _07196_/A (sky130_fd_sc_hd__buf_6)
    10    0.11    0.22    0.27    0.78 ^ _07196_/X (sky130_fd_sc_hd__buf_6)
                                         _02120_ (net)
                  0.22    0.01    0.79 ^ _07197_/A (sky130_fd_sc_hd__buf_6)
    10    0.13    0.27    0.30    1.09 ^ _07197_/X (sky130_fd_sc_hd__buf_6)
                                         _02121_ (net)
                  0.28    0.04    1.14 ^ _07198_/A (sky130_fd_sc_hd__clkbuf_8)
    10    0.11    0.19    0.32    1.46 ^ _07198_/X (sky130_fd_sc_hd__clkbuf_8)
                                         _02122_ (net)
                  0.19    0.01    1.47 ^ _07410_/A (sky130_fd_sc_hd__buf_8)
    11    0.16    0.26    0.29    1.76 ^ _07410_/X (sky130_fd_sc_hd__buf_8)
                                         _02334_ (net)
                  0.27    0.04    1.80 ^ _07757_/A1 (sky130_fd_sc_hd__o21a_2)
     6    0.03    0.17    0.30    2.10 ^ _07757_/X (sky130_fd_sc_hd__o21a_2)
                                         _02681_ (net)
                  0.17    0.00    2.10 ^ _07768_/A (sky130_fd_sc_hd__buf_4)
    10    0.07    0.19    0.27    2.37 ^ _07768_/X (sky130_fd_sc_hd__buf_4)
                                         _02692_ (net)
                  0.19    0.01    2.38 ^ _07945_/S0 (sky130_fd_sc_hd__mux4_2)
     2    0.02    0.13    0.63    3.01 v _07945_/X (sky130_fd_sc_hd__mux4_2)
                                         _02868_ (net)
                  0.13    0.00    3.01 v _08122_/A2 (sky130_fd_sc_hd__a311oi_4)
     2    0.03    0.44    0.49    3.50 ^ _08122_/Y (sky130_fd_sc_hd__a311oi_4)
                                         _03041_ (net)
                  0.44    0.00    3.50 ^ _08142_/A1 (sky130_fd_sc_hd__a21oi_1)
     1    0.00    0.11    0.14    3.64 v _08142_/Y (sky130_fd_sc_hd__a21oi_1)
                                         _03061_ (net)
                  0.11    0.00    3.64 v _08143_/B1 (sky130_fd_sc_hd__o21ai_1)
     2    0.01    0.27    0.20    3.84 ^ _08143_/Y (sky130_fd_sc_hd__o21ai_1)
                                         _03062_ (net)
                  0.27    0.00    3.84 ^ _10533_/B1 (sky130_fd_sc_hd__o211ai_1)
     1    0.00    0.10    0.14    3.99 v _10533_/Y (sky130_fd_sc_hd__o211ai_1)
                                         _04808_ (net)
                  0.10    0.00    3.99 v _10535_/B (sky130_fd_sc_hd__nor3_1)
     2    0.02    0.61    0.56    4.54 ^ _10535_/Y (sky130_fd_sc_hd__nor3_1)
                                         _04810_ (net)
                  0.61    0.00    4.54 ^ _10536_/D (sky130_fd_sc_hd__nand4_1)
     1    0.01    0.14    0.21    4.75 v _10536_/Y (sky130_fd_sc_hd__nand4_1)
                                         _04811_ (net)
                  0.14    0.00    4.75 v _10538_/B (sky130_fd_sc_hd__nor3_1)
     1    0.01    0.23    0.28    5.03 ^ _10538_/Y (sky130_fd_sc_hd__nor3_1)
                                         _04813_ (net)
                  0.23    0.00    5.03 ^ _10540_/C (sky130_fd_sc_hd__nand4_1)
     1    0.00    0.10    0.14    5.16 v _10540_/Y (sky130_fd_sc_hd__nand4_1)
                                         _04815_ (net)
                  0.10    0.00    5.17 v _10541_/C (sky130_fd_sc_hd__nor3_1)
     1    0.01    0.37    0.33    5.50 ^ _10541_/Y (sky130_fd_sc_hd__nor3_1)
                                         _04816_ (net)
                  0.37    0.00    5.50 ^ _10542_/D (sky130_fd_sc_hd__nand4_4)
     3    0.05    0.26    0.30    5.79 v _10542_/Y (sky130_fd_sc_hd__nand4_4)
                                         _04817_ (net)
                  0.26    0.01    5.80 v _10556_/A3 (sky130_fd_sc_hd__a31oi_2)
     2    0.01    0.24    0.36    6.16 ^ _10556_/Y (sky130_fd_sc_hd__a31oi_2)
                                         _04831_ (net)
                  0.24    0.00    6.17 ^ max_cap167/A (sky130_fd_sc_hd__buf_4)
     9    0.07    0.21    0.30    6.46 ^ max_cap167/X (sky130_fd_sc_hd__buf_4)
                                         net167 (net)
                  0.21    0.01    6.47 ^ _10634_/A (sky130_fd_sc_hd__buf_4)
    10    0.09    0.24    0.31    6.78 ^ _10634_/X (sky130_fd_sc_hd__buf_4)
                                         _04905_ (net)
                  0.24    0.00    6.79 ^ _11237_/A1 (sky130_fd_sc_hd__o21bai_1)
     1    0.00    0.07    0.13    6.91 v _11237_/Y (sky130_fd_sc_hd__o21bai_1)
                                         _05416_ (net)
                  0.07    0.00    6.91 v _11238_/B2 (sky130_fd_sc_hd__a221oi_1)
     1    0.00    0.26    0.31    7.22 ^ _11238_/Y (sky130_fd_sc_hd__a221oi_1)
                                         _01031_ (net)
                  0.26    0.00    7.22 ^ _13572_/D (sky130_fd_sc_hd__dfxtp_4)
                                  7.22   data arrival time

                  0.15   20.00   20.00   clock clk (rise edge)
                          0.00   20.00   clock network delay (ideal)
                         -0.25   19.75   clock uncertainty
                          0.00   19.75   clock reconvergence pessimism
                                 19.75 ^ _13572_/CLK (sky130_fd_sc_hd__dfxtp_4)
                         -0.09   19.66   library setup time
                                 19.66   data required time
-----------------------------------------------------------------------------
                                 19.66   data required time
                                 -7.22   data arrival time
-----------------------------------------------------------------------------
                                 12.43   slack (MET)




===========================================================================
report_checks --slack_max -0.01
============================================================================
======================= Fastest Corner ===================================

No paths found.

======================= Slowest Corner ===================================

No paths found.

======================= Typical Corner ===================================

No paths found.


===========================================================================
 report_check_types -max_slew -max_cap -max_fanout -violators
============================================================================
======================= Fastest Corner ===================================

max fanout

Pin                                   Limit Fanout  Slack
---------------------------------------------------------
_06668_/X                                10     17     -7 (VIOLATED)
_11920_/X                                10     17     -7 (VIOLATED)
_11962_/X                                10     17     -7 (VIOLATED)
_09355_/X                                10     16     -6 (VIOLATED)
_11873_/X                                10     16     -6 (VIOLATED)
_12809_/Q                                10     16     -6 (VIOLATED)
_06644_/X                                10     15     -5 (VIOLATED)
_06659_/X                                10     14     -4 (VIOLATED)
_06670_/X                                10     14     -4 (VIOLATED)
_09473_/X                                10     14     -4 (VIOLATED)
_11798_/X                                10     14     -4 (VIOLATED)
_11840_/X                                10     14     -4 (VIOLATED)
_11855_/X                                10     14     -4 (VIOLATED)
_11974_/X                                10     14     -4 (VIOLATED)
_12019_/X                                10     14     -4 (VIOLATED)
_06631_/X                                10     13     -3 (VIOLATED)
_06664_/X                                10     13     -3 (VIOLATED)
_08200_/X                                10     13     -3 (VIOLATED)
_09361_/X                                10     13     -3 (VIOLATED)
_09370_/X                                10     13     -3 (VIOLATED)
_11794_/X                                10     13     -3 (VIOLATED)
_11823_/X                                10     13     -3 (VIOLATED)
_11878_/X                                10     13     -3 (VIOLATED)
_12001_/X                                10     13     -3 (VIOLATED)
_13499_/Q                                10     13     -3 (VIOLATED)
_06295_/Y                                10     12     -2 (VIOLATED)
_06576_/X                                10     12     -2 (VIOLATED)
_06591_/X                                10     12     -2 (VIOLATED)
_06596_/X                                10     12     -2 (VIOLATED)
_06633_/X                                10     12     -2 (VIOLATED)
_06658_/X                                10     12     -2 (VIOLATED)
_06675_/X                                10     12     -2 (VIOLATED)
_09296_/X                                10     12     -2 (VIOLATED)
_09304_/X                                10     12     -2 (VIOLATED)
_09313_/X                                10     12     -2 (VIOLATED)
_09335_/X                                10     12     -2 (VIOLATED)
_09344_/X                                10     12     -2 (VIOLATED)
_09345_/X                                10     12     -2 (VIOLATED)
_09410_/X                                10     12     -2 (VIOLATED)
_10336_/X                                10     12     -2 (VIOLATED)
_11773_/X                                10     12     -2 (VIOLATED)
_11786_/X                                10     12     -2 (VIOLATED)
_11796_/X                                10     12     -2 (VIOLATED)
_11801_/X                                10     12     -2 (VIOLATED)
_11808_/X                                10     12     -2 (VIOLATED)
_11838_/X                                10     12     -2 (VIOLATED)
_11852_/X                                10     12     -2 (VIOLATED)
_11912_/X                                10     12     -2 (VIOLATED)
_11923_/X                                10     12     -2 (VIOLATED)
_11948_/X                                10     12     -2 (VIOLATED)
_11951_/X                                10     12     -2 (VIOLATED)
_11952_/X                                10     12     -2 (VIOLATED)
_11963_/X                                10     12     -2 (VIOLATED)
_12021_/X                                10     12     -2 (VIOLATED)
_12072_/X                                10     12     -2 (VIOLATED)
input51/X                                10     12     -2 (VIOLATED)
_06337_/X                                10     11        (VIOLATED)
_06422_/X                                10     11        (VIOLATED)
_06650_/X                                10     11        (VIOLATED)
_06657_/X                                10     11        (VIOLATED)
_06679_/X                                10     11        (VIOLATED)
_06904_/X                                10     11        (VIOLATED)
_07057_/X                                10     11        (VIOLATED)
_07310_/X                                10     11        (VIOLATED)
_07410_/X                                10     11        (VIOLATED)
_07548_/X                                10     11        (VIOLATED)
_07583_/X                                10     11        (VIOLATED)
_07785_/X                                10     11        (VIOLATED)
_07858_/X                                10     11        (VIOLATED)
_07862_/X                                10     11        (VIOLATED)
_08060_/X                                10     11        (VIOLATED)
_09128_/X                                10     11        (VIOLATED)
_09318_/X                                10     11        (VIOLATED)
_09332_/X                                10     11        (VIOLATED)
_09333_/X                                10     11        (VIOLATED)
_09336_/X                                10     11        (VIOLATED)
_09376_/X                                10     11        (VIOLATED)
_09377_/X                                10     11        (VIOLATED)
_09430_/X                                10     11        (VIOLATED)
_09436_/X                                10     11        (VIOLATED)
_09457_/X                                10     11        (VIOLATED)
_09630_/X                                10     11        (VIOLATED)
_10108_/X                                10     11        (VIOLATED)
_10362_/X                                10     11        (VIOLATED)
_10364_/X                                10     11        (VIOLATED)
_10370_/X                                10     11        (VIOLATED)
_11282_/X                                10     11        (VIOLATED)
_11284_/X                                10     11        (VIOLATED)
_11653_/X                                10     11        (VIOLATED)
_11677_/X                                10     11        (VIOLATED)
_11774_/X                                10     11        (VIOLATED)
_11781_/X                                10     11        (VIOLATED)
_11784_/X                                10     11        (VIOLATED)
_11789_/X                                10     11        (VIOLATED)
_11792_/X                                10     11        (VIOLATED)
_11795_/X                                10     11        (VIOLATED)
_11800_/X                                10     11        (VIOLATED)
_11811_/X                                10     11        (VIOLATED)
_11812_/X                                10     11        (VIOLATED)
_11814_/X                                10     11        (VIOLATED)
_11818_/X                                10     11        (VIOLATED)
_11819_/X                                10     11        (VIOLATED)
_11825_/X                                10     11        (VIOLATED)
_11833_/X                                10     11        (VIOLATED)
_11839_/X                                10     11        (VIOLATED)
_11869_/X                                10     11        (VIOLATED)
_11902_/X                                10     11        (VIOLATED)
_11919_/X                                10     11        (VIOLATED)
_11929_/X                                10     11        (VIOLATED)
_11943_/X                                10     11        (VIOLATED)
_11947_/X                                10     11        (VIOLATED)
_11950_/X                                10     11        (VIOLATED)
_11982_/X                                10     11        (VIOLATED)
_12055_/X                                10     11        (VIOLATED)


max slew violations count Fastest: 0
max fanout violations count Fastest: 114
max cap violations count Fastest: 0
======================= Slowest Corner ===================================

max slew

Pin                                    Limit    Slew   Slack
------------------------------------------------------------
_11758_/A                               0.75    1.09   -0.34 (VIOLATED)
_11745_/A                               0.75    1.09   -0.34 (VIOLATED)
_11770_/B1                              0.75    1.09   -0.34 (VIOLATED)
_11769_/B1                              0.75    1.09   -0.34 (VIOLATED)
_11732_/A                               0.75    1.08   -0.33 (VIOLATED)
_11731_/Y                               0.75    1.08   -0.33 (VIOLATED)
_10003_/A                               0.75    1.07   -0.32 (VIOLATED)
_10038_/B1                              0.75    1.07   -0.32 (VIOLATED)
_10015_/A                               0.75    1.07   -0.32 (VIOLATED)
_10027_/A                               0.75    1.07   -0.32 (VIOLATED)
_10039_/B1                              0.75    1.07   -0.32 (VIOLATED)
_10002_/Y                               0.75    1.07   -0.32 (VIOLATED)
ANTENNA_89/DIODE                        0.75    1.04   -0.29 (VIOLATED)
_10536_/D                               0.75    1.04   -0.29 (VIOLATED)
_10535_/Y                               0.75    1.04   -0.29 (VIOLATED)
_11704_/A                               0.75    1.00   -0.25 (VIOLATED)
_11717_/A                               0.75    1.00   -0.25 (VIOLATED)
_11730_/B1                              0.75    1.00   -0.25 (VIOLATED)
_11729_/B1                              0.75    1.00   -0.25 (VIOLATED)
_11691_/A                               0.75    1.00   -0.25 (VIOLATED)
_11690_/Y                               0.75    1.00   -0.25 (VIOLATED)
_07828_/A2                              0.75    0.98   -0.23 (VIOLATED)
_08334_/A1                              0.75    0.98   -0.23 (VIOLATED)
_08165_/A2                              0.75    0.98   -0.23 (VIOLATED)
_07942_/A2                              0.75    0.98   -0.23 (VIOLATED)
_08412_/A2                              0.75    0.98   -0.23 (VIOLATED)
_08023_/A2                              0.75    0.98   -0.23 (VIOLATED)
_07987_/A2                              0.75    0.98   -0.23 (VIOLATED)
_08434_/A2                              0.75    0.98   -0.23 (VIOLATED)
_08382_/A2                              0.75    0.98   -0.23 (VIOLATED)
_07825_/Y                               0.75    0.98   -0.23 (VIOLATED)
_07976_/A1                              0.75    0.97   -0.22 (VIOLATED)
_08643_/A2                              0.75    0.97   -0.22 (VIOLATED)
_08110_/A2                              0.75    0.97   -0.22 (VIOLATED)
_07774_/A2                              0.75    0.97   -0.22 (VIOLATED)
_08042_/B2                              0.75    0.97   -0.22 (VIOLATED)
_08721_/A1                              0.75    0.97   -0.22 (VIOLATED)
_08667_/A2                              0.75    0.97   -0.22 (VIOLATED)
_08687_/A0                              0.75    0.97   -0.22 (VIOLATED)
_07767_/Y                               0.75    0.97   -0.22 (VIOLATED)
_09144_/A                               0.75    0.95   -0.20 (VIOLATED)
_09189_/A2                              0.75    0.95   -0.20 (VIOLATED)
_09166_/A                               0.75    0.95   -0.20 (VIOLATED)
_09191_/A2                              0.75    0.95   -0.20 (VIOLATED)
_09120_/A                               0.75    0.95   -0.20 (VIOLATED)
ANTENNA_239/DIODE                       0.75    0.95   -0.20 (VIOLATED)
_09119_/Y                               0.75    0.95   -0.20 (VIOLATED)
_10120_/B1                              0.75    0.95   -0.20 (VIOLATED)
_10109_/A                               0.75    0.94   -0.19 (VIOLATED)
_10121_/B1                              0.75    0.94   -0.19 (VIOLATED)
_10085_/A                               0.75    0.94   -0.19 (VIOLATED)
_10097_/A                               0.75    0.94   -0.19 (VIOLATED)
_10084_/Y                               0.75    0.94   -0.19 (VIOLATED)
_08495_/A2                              0.75    0.94   -0.19 (VIOLATED)
_07937_/A2                              0.75    0.94   -0.19 (VIOLATED)
_07759_/A3                              0.75    0.94   -0.19 (VIOLATED)
_08026_/A2                              0.75    0.94   -0.19 (VIOLATED)
_08527_/A1                              0.75    0.94   -0.19 (VIOLATED)
_08573_/A2                              0.75    0.94   -0.19 (VIOLATED)
_08524_/A2                              0.75    0.94   -0.19 (VIOLATED)
_07754_/Y                               0.75    0.94   -0.19 (VIOLATED)
_08044_/A2                              0.75    0.93   -0.18 (VIOLATED)
_07911_/A2                              0.75    0.93   -0.18 (VIOLATED)
_08372_/A2                              0.75    0.93   -0.18 (VIOLATED)
_08791_/A2                              0.75    0.93   -0.18 (VIOLATED)
_08768_/A0                              0.75    0.93   -0.18 (VIOLATED)
_08772_/A                               0.75    0.93   -0.18 (VIOLATED)
_08826_/A2                              0.75    0.93   -0.18 (VIOLATED)
_07909_/Y                               0.75    0.93   -0.18 (VIOLATED)
_09211_/A                               0.75    0.93   -0.18 (VIOLATED)
_09237_/B1                              0.75    0.93   -0.18 (VIOLATED)
_09224_/A                               0.75    0.93   -0.18 (VIOLATED)
ANTENNA_53/DIODE                        0.75    0.93   -0.18 (VIOLATED)
_09238_/B1                              0.75    0.93   -0.18 (VIOLATED)
_09198_/A                               0.75    0.93   -0.18 (VIOLATED)
_09197_/Y                               0.75    0.93   -0.18 (VIOLATED)
_08103_/B2                              0.75    0.92   -0.17 (VIOLATED)
_07896_/B2                              0.75    0.92   -0.17 (VIOLATED)
_08039_/A                               0.75    0.92   -0.17 (VIOLATED)
_08322_/C                               0.75    0.92   -0.17 (VIOLATED)
_07363_/A2                              0.75    0.92   -0.17 (VIOLATED)
_08074_/B                               0.75    0.92   -0.17 (VIOLATED)
_07362_/Y                               0.75    0.92   -0.17 (VIOLATED)
_08666_/A2                              0.75    0.91   -0.16 (VIOLATED)
_08617_/A1                              0.75    0.91   -0.16 (VIOLATED)
_08643_/A3                              0.75    0.91   -0.16 (VIOLATED)
_07975_/A2                              0.75    0.91   -0.16 (VIOLATED)
_07759_/A0                              0.75    0.91   -0.16 (VIOLATED)
_08574_/A2                              0.75    0.91   -0.16 (VIOLATED)
_08570_/A2                              0.75    0.91   -0.16 (VIOLATED)
_07750_/Y                               0.75    0.91   -0.16 (VIOLATED)
_10932_/A3                              0.75    0.90   -0.15 (VIOLATED)
_10931_/Y                               0.75    0.90   -0.15 (VIOLATED)
_08021_/B                               0.75    0.88   -0.13 (VIOLATED)
_10530_/B                               0.75    0.88   -0.13 (VIOLATED)
ANTENNA_47/DIODE                        0.75    0.88   -0.13 (VIOLATED)
_10502_/B                               0.75    0.88   -0.13 (VIOLATED)
_08020_/Y                               0.75    0.88   -0.13 (VIOLATED)
_10126_/A                               0.75    0.87   -0.12 (VIOLATED)
ANTENNA_325/DIODE                       0.75    0.87   -0.12 (VIOLATED)
_10161_/B1                              0.75    0.87   -0.12 (VIOLATED)
_10150_/A                               0.75    0.87   -0.12 (VIOLATED)
_10162_/B1                              0.75    0.87   -0.12 (VIOLATED)
_10138_/A                               0.75    0.87   -0.12 (VIOLATED)
ANTENNA_255/DIODE                       0.75    0.87   -0.12 (VIOLATED)
ANTENNA_256/DIODE                       0.75    0.87   -0.12 (VIOLATED)
_10125_/Y                               0.75    0.87   -0.12 (VIOLATED)
_10079_/B1                              0.75    0.87   -0.12 (VIOLATED)
_10068_/A                               0.75    0.87   -0.12 (VIOLATED)
_10044_/A                               0.75    0.87   -0.12 (VIOLATED)
_10080_/B1                              0.75    0.87   -0.12 (VIOLATED)
_10056_/A                               0.75    0.87   -0.12 (VIOLATED)
_10043_/Y                               0.75    0.87   -0.12 (VIOLATED)
_11308_/A                               0.75    0.87   -0.12 (VIOLATED)
_11320_/B1                              0.75    0.87   -0.12 (VIOLATED)
_11319_/B1                              0.75    0.87   -0.12 (VIOLATED)
_11296_/A                               0.75    0.87   -0.12 (VIOLATED)
_11284_/A                               0.75    0.87   -0.12 (VIOLATED)
_11283_/Y                               0.75    0.87   -0.12 (VIOLATED)
_10334_/A                               0.75    0.86   -0.11 (VIOLATED)
_10378_/A                               0.75    0.86   -0.11 (VIOLATED)
ANTENNA_259/DIODE                       0.75    0.86   -0.11 (VIOLATED)
_10401_/B1                              0.75    0.86   -0.11 (VIOLATED)
_10399_/B1                              0.75    0.86   -0.11 (VIOLATED)
_10356_/A                               0.75    0.86   -0.11 (VIOLATED)
_10333_/Y                               0.75    0.86   -0.11 (VIOLATED)
_11366_/A                               0.75    0.85   -0.10 (VIOLATED)
wire193/A                               0.75    0.85   -0.10 (VIOLATED)
_11365_/Y                               0.75    0.85   -0.10 (VIOLATED)
_10532_/B1                              0.75    0.85   -0.10 (VIOLATED)
_08081_/B1                              0.75    0.85   -0.10 (VIOLATED)
_08077_/Y                               0.75    0.85   -0.10 (VIOLATED)
_07258_/Y                               0.75    0.84   -0.09 (VIOLATED)
_10774_/B2                              0.75    0.84   -0.09 (VIOLATED)
wire204/A                               0.75    0.84   -0.09 (VIOLATED)
_09269_/A                               0.75    0.84   -0.09 (VIOLATED)
_09283_/B1                              0.75    0.84   -0.09 (VIOLATED)
_09282_/B1                              0.75    0.84   -0.09 (VIOLATED)
_09256_/A                               0.75    0.84   -0.09 (VIOLATED)
_09243_/A                               0.75    0.84   -0.09 (VIOLATED)
_09242_/Y                               0.75    0.84   -0.09 (VIOLATED)
_08235_/B                               0.75    0.84   -0.09 (VIOLATED)
_10531_/A                               0.75    0.84   -0.09 (VIOLATED)
_10505_/A                               0.75    0.84   -0.09 (VIOLATED)
_08234_/Y                               0.75    0.84   -0.09 (VIOLATED)
_11209_/A                               0.75    0.84   -0.09 (VIOLATED)
_11221_/B1                              0.75    0.84   -0.09 (VIOLATED)
_11220_/B1                              0.75    0.84   -0.09 (VIOLATED)
_11196_/A                               0.75    0.84   -0.09 (VIOLATED)
_11183_/A                               0.75    0.84   -0.09 (VIOLATED)
_11182_/Y                               0.75    0.84   -0.09 (VIOLATED)
_08820_/Y                               0.75    0.84   -0.09 (VIOLATED)
wire173/A                               0.75    0.84   -0.09 (VIOLATED)
_11046_/B1                              0.75    0.83   -0.08 (VIOLATED)
_11045_/X                               0.75    0.83   -0.08 (VIOLATED)
_10917_/B2                              0.75    0.82   -0.07 (VIOLATED)
_11101_/B1                              0.75    0.82   -0.07 (VIOLATED)
_10881_/A1                              0.75    0.82   -0.07 (VIOLATED)
_10848_/A1                              0.75    0.82   -0.07 (VIOLATED)
_10958_/A1                              0.75    0.82   -0.07 (VIOLATED)
_10994_/A1                              0.75    0.82   -0.07 (VIOLATED)
_10804_/A1                              0.75    0.82   -0.07 (VIOLATED)
_10768_/A1                              0.75    0.82   -0.07 (VIOLATED)
_10743_/Y                               0.75    0.82   -0.07 (VIOLATED)
_10530_/A                               0.75    0.82   -0.07 (VIOLATED)
_10502_/A                               0.75    0.82   -0.07 (VIOLATED)
_10500_/Y                               0.75    0.82   -0.07 (VIOLATED)
_10965_/B1                              0.75    0.82   -0.07 (VIOLATED)
_10964_/Y                               0.75    0.82   -0.07 (VIOLATED)
_07222_/Y                               0.75    0.81   -0.06 (VIOLATED)
_10981_/A2                              0.75    0.81   -0.06 (VIOLATED)
max_cap192/A                            0.75    0.81   -0.06 (VIOLATED)
_10406_/A                               0.75    0.81   -0.06 (VIOLATED)
_10430_/A                               0.75    0.81   -0.06 (VIOLATED)
_10442_/B1                              0.75    0.81   -0.06 (VIOLATED)
_10441_/B1                              0.75    0.81   -0.06 (VIOLATED)
_10418_/A                               0.75    0.81   -0.06 (VIOLATED)
_10405_/Y                               0.75    0.81   -0.06 (VIOLATED)
_07935_/A2                              0.75    0.80   -0.05 (VIOLATED)
_08024_/A2                              0.75    0.80   -0.05 (VIOLATED)
_08165_/A0                              0.75    0.80   -0.05 (VIOLATED)
_08413_/A2                              0.75    0.80   -0.05 (VIOLATED)
_08466_/A2                              0.75    0.80   -0.05 (VIOLATED)
_07505_/A1                              0.75    0.80   -0.05 (VIOLATED)
_07501_/Y                               0.75    0.80   -0.05 (VIOLATED)
_07936_/B                               0.75    0.79   -0.04 (VIOLATED)
_07819_/B                               0.75    0.79   -0.04 (VIOLATED)
_08558_/A2                              0.75    0.79   -0.04 (VIOLATED)
_07459_/B                               0.75    0.79   -0.04 (VIOLATED)
_07457_/Y                               0.75    0.79   -0.04 (VIOLATED)
_08465_/A1                              0.75    0.79   -0.04 (VIOLATED)
_08433_/A1                              0.75    0.79   -0.04 (VIOLATED)
_07993_/A2                              0.75    0.79   -0.04 (VIOLATED)
_07820_/A1                              0.75    0.79   -0.04 (VIOLATED)
_07508_/B1                              0.75    0.79   -0.04 (VIOLATED)
_07507_/Y                               0.75    0.79   -0.04 (VIOLATED)
_08273_/A1                              0.75    0.79   -0.04 (VIOLATED)
_07828_/A1                              0.75    0.79   -0.04 (VIOLATED)
_08033_/A1                              0.75    0.79   -0.04 (VIOLATED)
_08000_/A2                              0.75    0.79   -0.04 (VIOLATED)
_08314_/A2                              0.75    0.79   -0.04 (VIOLATED)
_07945_/A0                              0.75    0.79   -0.04 (VIOLATED)
_08249_/A2                              0.75    0.79   -0.04 (VIOLATED)
_08245_/A1_N                            0.75    0.79   -0.04 (VIOLATED)
_08308_/A1                              0.75    0.79   -0.04 (VIOLATED)
_07824_/Y                               0.75    0.79   -0.04 (VIOLATED)
_10608_/A2                              0.75    0.79   -0.04 (VIOLATED)
_10621_/B1                              0.75    0.79   -0.04 (VIOLATED)
_07707_/B                               0.75    0.79   -0.04 (VIOLATED)
max_cap205/A                            0.75    0.79   -0.04 (VIOLATED)
max_cap206/A                            0.75    0.79   -0.04 (VIOLATED)
_07706_/Y                               0.75    0.79   -0.04 (VIOLATED)
_08202_/A2                              0.75    0.78   -0.03 (VIOLATED)
_08045_/A2                              0.75    0.78   -0.03 (VIOLATED)
_07928_/A2                              0.75    0.78   -0.03 (VIOLATED)
_08130_/B1                              0.75    0.78   -0.03 (VIOLATED)
_07923_/Y                               0.75    0.78   -0.03 (VIOLATED)
_07992_/A2                              0.75    0.78   -0.03 (VIOLATED)
_07917_/A2                              0.75    0.78   -0.03 (VIOLATED)
_08027_/A2                              0.75    0.78   -0.03 (VIOLATED)
_08616_/A2                              0.75    0.78   -0.03 (VIOLATED)
_07759_/A2                              0.75    0.78   -0.03 (VIOLATED)
_08559_/A1                              0.75    0.78   -0.03 (VIOLATED)
_07752_/Y                               0.75    0.78   -0.03 (VIOLATED)
_10447_/A                               0.75    0.78   -0.03 (VIOLATED)
_10471_/A                               0.75    0.78   -0.03 (VIOLATED)
_10483_/B1                              0.75    0.78   -0.03 (VIOLATED)
_10482_/B1                              0.75    0.78   -0.03 (VIOLATED)
_10459_/A                               0.75    0.78   -0.03 (VIOLATED)
_10446_/Y                               0.75    0.78   -0.03 (VIOLATED)
_08723_/B                               0.75    0.77   -0.02 (VIOLATED)
_08818_/A2                              0.75    0.77   -0.02 (VIOLATED)
_08722_/Y                               0.75    0.77   -0.02 (VIOLATED)
_07844_/A3                              0.75    0.77   -0.02 (VIOLATED)
_08067_/A3                              0.75    0.77   -0.02 (VIOLATED)
_07866_/B1                              0.75    0.77   -0.02 (VIOLATED)
_08500_/A4                              0.75    0.77   -0.02 (VIOLATED)
_08175_/A3                              0.75    0.77   -0.02 (VIOLATED)
_08012_/A3                              0.75    0.77   -0.02 (VIOLATED)
_08091_/A3                              0.75    0.77   -0.02 (VIOLATED)
_07893_/A2                              0.75    0.77   -0.02 (VIOLATED)
_07885_/A                               0.75    0.77   -0.02 (VIOLATED)
_07359_/A2_N                            0.75    0.77   -0.02 (VIOLATED)
_07353_/Y                               0.75    0.77   -0.02 (VIOLATED)
_07845_/A                               0.75    0.77   -0.02 (VIOLATED)
_07808_/A                               0.75    0.77   -0.02 (VIOLATED)
_08317_/A                               0.75    0.77   -0.02 (VIOLATED)
_08379_/A1                              0.75    0.77   -0.02 (VIOLATED)
_08425_/A1                              0.75    0.77   -0.02 (VIOLATED)
_08201_/A                               0.75    0.77   -0.02 (VIOLATED)
_07340_/A                               0.75    0.77   -0.02 (VIOLATED)
_08103_/A1                              0.75    0.77   -0.02 (VIOLATED)
_07336_/Y                               0.75    0.77   -0.02 (VIOLATED)
_08841_/B1                              0.75    0.77   -0.02 (VIOLATED)
_08842_/A2                              0.75    0.77   -0.02 (VIOLATED)
_08837_/Y                               0.75    0.77   -0.02 (VIOLATED)
_11255_/A                               0.75    0.77   -0.02 (VIOLATED)
_11279_/B1                              0.75    0.77   -0.02 (VIOLATED)
_11267_/A                               0.75    0.77   -0.02 (VIOLATED)
_11278_/B1                              0.75    0.77   -0.02 (VIOLATED)
_11243_/A                               0.75    0.77   -0.02 (VIOLATED)
ANTENNA_92/DIODE                        0.75    0.77   -0.02 (VIOLATED)
_11242_/Y                               0.75    0.77   -0.02 (VIOLATED)
_11431_/A                               0.75    0.77   -0.02 (VIOLATED)
_11419_/A                               0.75    0.77   -0.02 (VIOLATED)
_11443_/B1                              0.75    0.77   -0.02 (VIOLATED)
ANTENNA_95/DIODE                        0.75    0.77   -0.02 (VIOLATED)
_11442_/B1                              0.75    0.77   -0.02 (VIOLATED)
_11407_/A                               0.75    0.76   -0.01 (VIOLATED)
ANTENNA_96/DIODE                        0.75    0.76   -0.01 (VIOLATED)
_11406_/Y                               0.75    0.76   -0.01 (VIOLATED)
_08539_/B                               0.75    0.76   -0.01 (VIOLATED)
_10537_/B                               0.75    0.76   -0.01 (VIOLATED)
_08538_/Y                               0.75    0.76   -0.01 (VIOLATED)
_11472_/A                               0.75    0.75   -0.00 (VIOLATED)
_07604_/B                               0.75    0.75   -0.00 (VIOLATED)
_07573_/Y                               0.75    0.75   -0.00 (VIOLATED)
max_cap209/A                            0.75    0.75   -0.00 (VIOLATED)
_11460_/A                               0.75    0.75   -0.00 (VIOLATED)
_11448_/A                               0.75    0.75   -0.00 (VIOLATED)
ANTENNA_98/DIODE                        0.75    0.75   -0.00 (VIOLATED)
_11484_/B1                              0.75    0.75   -0.00 (VIOLATED)
_11483_/B1                              0.75    0.75   -0.00 (VIOLATED)
_11447_/Y                               0.75    0.75   -0.00 (VIOLATED)

max fanout

Pin                                   Limit Fanout  Slack
---------------------------------------------------------
_06668_/X                                10     17     -7 (VIOLATED)
_11920_/X                                10     17     -7 (VIOLATED)
_11962_/X                                10     17     -7 (VIOLATED)
_09355_/X                                10     16     -6 (VIOLATED)
_11873_/X                                10     16     -6 (VIOLATED)
_12809_/Q                                10     16     -6 (VIOLATED)
_06644_/X                                10     15     -5 (VIOLATED)
_06659_/X                                10     14     -4 (VIOLATED)
_06670_/X                                10     14     -4 (VIOLATED)
_09473_/X                                10     14     -4 (VIOLATED)
_11798_/X                                10     14     -4 (VIOLATED)
_11840_/X                                10     14     -4 (VIOLATED)
_11855_/X                                10     14     -4 (VIOLATED)
_11974_/X                                10     14     -4 (VIOLATED)
_12019_/X                                10     14     -4 (VIOLATED)
_06631_/X                                10     13     -3 (VIOLATED)
_06664_/X                                10     13     -3 (VIOLATED)
_08200_/X                                10     13     -3 (VIOLATED)
_09361_/X                                10     13     -3 (VIOLATED)
_09370_/X                                10     13     -3 (VIOLATED)
_11794_/X                                10     13     -3 (VIOLATED)
_11823_/X                                10     13     -3 (VIOLATED)
_11878_/X                                10     13     -3 (VIOLATED)
_12001_/X                                10     13     -3 (VIOLATED)
_13499_/Q                                10     13     -3 (VIOLATED)
_06295_/Y                                10     12     -2 (VIOLATED)
_06576_/X                                10     12     -2 (VIOLATED)
_06591_/X                                10     12     -2 (VIOLATED)
_06596_/X                                10     12     -2 (VIOLATED)
_06633_/X                                10     12     -2 (VIOLATED)
_06658_/X                                10     12     -2 (VIOLATED)
_06675_/X                                10     12     -2 (VIOLATED)
_09296_/X                                10     12     -2 (VIOLATED)
_09304_/X                                10     12     -2 (VIOLATED)
_09313_/X                                10     12     -2 (VIOLATED)
_09335_/X                                10     12     -2 (VIOLATED)
_09344_/X                                10     12     -2 (VIOLATED)
_09345_/X                                10     12     -2 (VIOLATED)
_09410_/X                                10     12     -2 (VIOLATED)
_10336_/X                                10     12     -2 (VIOLATED)
_11773_/X                                10     12     -2 (VIOLATED)
_11786_/X                                10     12     -2 (VIOLATED)
_11796_/X                                10     12     -2 (VIOLATED)
_11801_/X                                10     12     -2 (VIOLATED)
_11808_/X                                10     12     -2 (VIOLATED)
_11838_/X                                10     12     -2 (VIOLATED)
_11852_/X                                10     12     -2 (VIOLATED)
_11912_/X                                10     12     -2 (VIOLATED)
_11923_/X                                10     12     -2 (VIOLATED)
_11948_/X                                10     12     -2 (VIOLATED)
_11951_/X                                10     12     -2 (VIOLATED)
_11952_/X                                10     12     -2 (VIOLATED)
_11963_/X                                10     12     -2 (VIOLATED)
_12021_/X                                10     12     -2 (VIOLATED)
_12072_/X                                10     12     -2 (VIOLATED)
input51/X                                10     12     -2 (VIOLATED)
_06337_/X                                10     11        (VIOLATED)
_06422_/X                                10     11        (VIOLATED)
_06650_/X                                10     11        (VIOLATED)
_06657_/X                                10     11        (VIOLATED)
_06679_/X                                10     11        (VIOLATED)
_06904_/X                                10     11        (VIOLATED)
_07057_/X                                10     11        (VIOLATED)
_07310_/X                                10     11        (VIOLATED)
_07410_/X                                10     11        (VIOLATED)
_07548_/X                                10     11        (VIOLATED)
_07583_/X                                10     11        (VIOLATED)
_07785_/X                                10     11        (VIOLATED)
_07858_/X                                10     11        (VIOLATED)
_07862_/X                                10     11        (VIOLATED)
_08060_/X                                10     11        (VIOLATED)
_09128_/X                                10     11        (VIOLATED)
_09318_/X                                10     11        (VIOLATED)
_09332_/X                                10     11        (VIOLATED)
_09333_/X                                10     11        (VIOLATED)
_09336_/X                                10     11        (VIOLATED)
_09376_/X                                10     11        (VIOLATED)
_09377_/X                                10     11        (VIOLATED)
_09430_/X                                10     11        (VIOLATED)
_09436_/X                                10     11        (VIOLATED)
_09457_/X                                10     11        (VIOLATED)
_09630_/X                                10     11        (VIOLATED)
_10108_/X                                10     11        (VIOLATED)
_10362_/X                                10     11        (VIOLATED)
_10364_/X                                10     11        (VIOLATED)
_10370_/X                                10     11        (VIOLATED)
_11282_/X                                10     11        (VIOLATED)
_11284_/X                                10     11        (VIOLATED)
_11653_/X                                10     11        (VIOLATED)
_11677_/X                                10     11        (VIOLATED)
_11774_/X                                10     11        (VIOLATED)
_11781_/X                                10     11        (VIOLATED)
_11784_/X                                10     11        (VIOLATED)
_11789_/X                                10     11        (VIOLATED)
_11792_/X                                10     11        (VIOLATED)
_11795_/X                                10     11        (VIOLATED)
_11800_/X                                10     11        (VIOLATED)
_11811_/X                                10     11        (VIOLATED)
_11812_/X                                10     11        (VIOLATED)
_11814_/X                                10     11        (VIOLATED)
_11818_/X                                10     11        (VIOLATED)
_11819_/X                                10     11        (VIOLATED)
_11825_/X                                10     11        (VIOLATED)
_11833_/X                                10     11        (VIOLATED)
_11839_/X                                10     11        (VIOLATED)
_11869_/X                                10     11        (VIOLATED)
_11902_/X                                10     11        (VIOLATED)
_11919_/X                                10     11        (VIOLATED)
_11929_/X                                10     11        (VIOLATED)
_11943_/X                                10     11        (VIOLATED)
_11947_/X                                10     11        (VIOLATED)
_11950_/X                                10     11        (VIOLATED)
_11982_/X                                10     11        (VIOLATED)
_12055_/X                                10     11        (VIOLATED)


max slew violations count Slowest: 284
max fanout violations count Slowest: 114
max cap violations count Slowest: 0
======================= Typical Corner ===================================

max fanout

Pin                                   Limit Fanout  Slack
---------------------------------------------------------
_06668_/X                                10     17     -7 (VIOLATED)
_11920_/X                                10     17     -7 (VIOLATED)
_11962_/X                                10     17     -7 (VIOLATED)
_09355_/X                                10     16     -6 (VIOLATED)
_11873_/X                                10     16     -6 (VIOLATED)
_12809_/Q                                10     16     -6 (VIOLATED)
_06644_/X                                10     15     -5 (VIOLATED)
_06659_/X                                10     14     -4 (VIOLATED)
_06670_/X                                10     14     -4 (VIOLATED)
_09473_/X                                10     14     -4 (VIOLATED)
_11798_/X                                10     14     -4 (VIOLATED)
_11840_/X                                10     14     -4 (VIOLATED)
_11855_/X                                10     14     -4 (VIOLATED)
_11974_/X                                10     14     -4 (VIOLATED)
_12019_/X                                10     14     -4 (VIOLATED)
_06631_/X                                10     13     -3 (VIOLATED)
_06664_/X                                10     13     -3 (VIOLATED)
_08200_/X                                10     13     -3 (VIOLATED)
_09361_/X                                10     13     -3 (VIOLATED)
_09370_/X                                10     13     -3 (VIOLATED)
_11794_/X                                10     13     -3 (VIOLATED)
_11823_/X                                10     13     -3 (VIOLATED)
_11878_/X                                10     13     -3 (VIOLATED)
_12001_/X                                10     13     -3 (VIOLATED)
_13499_/Q                                10     13     -3 (VIOLATED)
_06295_/Y                                10     12     -2 (VIOLATED)
_06576_/X                                10     12     -2 (VIOLATED)
_06591_/X                                10     12     -2 (VIOLATED)
_06596_/X                                10     12     -2 (VIOLATED)
_06633_/X                                10     12     -2 (VIOLATED)
_06658_/X                                10     12     -2 (VIOLATED)
_06675_/X                                10     12     -2 (VIOLATED)
_09296_/X                                10     12     -2 (VIOLATED)
_09304_/X                                10     12     -2 (VIOLATED)
_09313_/X                                10     12     -2 (VIOLATED)
_09335_/X                                10     12     -2 (VIOLATED)
_09344_/X                                10     12     -2 (VIOLATED)
_09345_/X                                10     12     -2 (VIOLATED)
_09410_/X                                10     12     -2 (VIOLATED)
_10336_/X                                10     12     -2 (VIOLATED)
_11773_/X                                10     12     -2 (VIOLATED)
_11786_/X                                10     12     -2 (VIOLATED)
_11796_/X                                10     12     -2 (VIOLATED)
_11801_/X                                10     12     -2 (VIOLATED)
_11808_/X                                10     12     -2 (VIOLATED)
_11838_/X                                10     12     -2 (VIOLATED)
_11852_/X                                10     12     -2 (VIOLATED)
_11912_/X                                10     12     -2 (VIOLATED)
_11923_/X                                10     12     -2 (VIOLATED)
_11948_/X                                10     12     -2 (VIOLATED)
_11951_/X                                10     12     -2 (VIOLATED)
_11952_/X                                10     12     -2 (VIOLATED)
_11963_/X                                10     12     -2 (VIOLATED)
_12021_/X                                10     12     -2 (VIOLATED)
_12072_/X                                10     12     -2 (VIOLATED)
input51/X                                10     12     -2 (VIOLATED)
_06337_/X                                10     11        (VIOLATED)
_06422_/X                                10     11        (VIOLATED)
_06650_/X                                10     11        (VIOLATED)
_06657_/X                                10     11        (VIOLATED)
_06679_/X                                10     11        (VIOLATED)
_06904_/X                                10     11        (VIOLATED)
_07057_/X                                10     11        (VIOLATED)
_07310_/X                                10     11        (VIOLATED)
_07410_/X                                10     11        (VIOLATED)
_07548_/X                                10     11        (VIOLATED)
_07583_/X                                10     11        (VIOLATED)
_07785_/X                                10     11        (VIOLATED)
_07858_/X                                10     11        (VIOLATED)
_07862_/X                                10     11        (VIOLATED)
_08060_/X                                10     11        (VIOLATED)
_09128_/X                                10     11        (VIOLATED)
_09318_/X                                10     11        (VIOLATED)
_09332_/X                                10     11        (VIOLATED)
_09333_/X                                10     11        (VIOLATED)
_09336_/X                                10     11        (VIOLATED)
_09376_/X                                10     11        (VIOLATED)
_09377_/X                                10     11        (VIOLATED)
_09430_/X                                10     11        (VIOLATED)
_09436_/X                                10     11        (VIOLATED)
_09457_/X                                10     11        (VIOLATED)
_09630_/X                                10     11        (VIOLATED)
_10108_/X                                10     11        (VIOLATED)
_10362_/X                                10     11        (VIOLATED)
_10364_/X                                10     11        (VIOLATED)
_10370_/X                                10     11        (VIOLATED)
_11282_/X                                10     11        (VIOLATED)
_11284_/X                                10     11        (VIOLATED)
_11653_/X                                10     11        (VIOLATED)
_11677_/X                                10     11        (VIOLATED)
_11774_/X                                10     11        (VIOLATED)
_11781_/X                                10     11        (VIOLATED)
_11784_/X                                10     11        (VIOLATED)
_11789_/X                                10     11        (VIOLATED)
_11792_/X                                10     11        (VIOLATED)
_11795_/X                                10     11        (VIOLATED)
_11800_/X                                10     11        (VIOLATED)
_11811_/X                                10     11        (VIOLATED)
_11812_/X                                10     11        (VIOLATED)
_11814_/X                                10     11        (VIOLATED)
_11818_/X                                10     11        (VIOLATED)
_11819_/X                                10     11        (VIOLATED)
_11825_/X                                10     11        (VIOLATED)
_11833_/X                                10     11        (VIOLATED)
_11839_/X                                10     11        (VIOLATED)
_11869_/X                                10     11        (VIOLATED)
_11902_/X                                10     11        (VIOLATED)
_11919_/X                                10     11        (VIOLATED)
_11929_/X                                10     11        (VIOLATED)
_11943_/X                                10     11        (VIOLATED)
_11947_/X                                10     11        (VIOLATED)
_11950_/X                                10     11        (VIOLATED)
_11982_/X                                10     11        (VIOLATED)
_12055_/X                                10     11        (VIOLATED)


max slew violations count Typical: 0
max fanout violations count Typical: 114
max cap violations count Typical: 0

===========================================================================
report_parasitic_annotation -report_unannotated
============================================================================
Found 4 unannotated drivers.
 _12670__217/HI
 _12671__216/HI
 _13474__218/HI
 riscv_cpu_219/LO
Found 0 partially unannotated drivers.

===========================================================================
max slew violation count 284
max fanout violation count 114
max cap violation count 0
============================================================================

===========================================================================
check_setup -verbose -unconstrained_endpoints -multiple_clock -no_clock -no_input_delay -loops -generated_clocks
===========================================================================
Warning: There are 4 unconstrained endpoints.
  dmem_byte_en[0]
  _12670_/D
  _12671_/D
  _13474_/D
