Partial/Required: 10.05, Required:    400.0, Partial:  4018.42, Net: net66, Pin: output66/A, Layer: met3
Partial/Required:  9.86, Required:    400.0, Partial:  3944.35, Net: net126, Pin: output126/A, Layer: met3
Partial/Required:  8.32, Required:    400.0, Partial:   3327.3, Net: net110, Pin: output110/A, Layer: met3
Partial/Required:  7.47, Required:    400.0, Partial:  2989.59, Net: _00046_, Pin: _14220_/D, Layer: met3
Partial/Required:  7.23, Required:    400.0, Partial:  2893.15, Net: net127, Pin: output127/A, Layer: met3
Partial/Required:  7.17, Required:    400.0, Partial:  2866.01, Net: net77, Pin: output77/A, Layer: met3
Partial/Required:  6.49, Required:    400.0, Partial:  2597.78, Net: net120, Pin: output120/A, Layer: met3
Partial/Required:  6.12, Required:    400.0, Partial:  2447.11, Net: net10, Pin: _13316_/B, Layer: met1
Partial/Required:  5.46, Required:    400.0, Partial:  2184.89, Net: net16, Pin: _13327_/B, Layer: met1
Partial/Required:  5.14, Required:    400.0, Partial:  2057.27, Net: net27, Pin: _13286_/B, Layer: met3
Partial/Required:  4.85, Required:    400.0, Partial:  1941.56, Net: net133, Pin: output133/A, Layer: met3
Partial/Required:  4.21, Required:    400.0, Partial:  1684.14, Net: net75, Pin: output75/A, Layer: met1
Partial/Required:  4.17, Required:    400.0, Partial:  1667.94, Net: net74, Pin: output74/A, Layer: met1
Partial/Required:  4.01, Required:    400.0, Partial:  1603.13, Net: net71, Pin: output71/A, Layer: met1
Partial/Required:  3.55, Required:    400.0, Partial:  1418.84, Net: net80, Pin: output80/A, Layer: met1
Partial/Required:  3.51, Required:    400.0, Partial:  1402.82, Net: net103, Pin: output103/A, Layer: met3
Partial/Required:  3.50, Required:    400.0, Partial:  1401.27, Net: _00048_, Pin: _14222_/D, Layer: met3
Partial/Required:  3.50, Required:    400.0, Partial:  1398.24, Net: _04218_, Pin: _09934_/A0, Layer: met3
Partial/Required:  3.35, Required:    400.0, Partial:  1341.81, Net: net88, Pin: _13351_/B, Layer: met3
Partial/Required:  3.35, Required:    400.0, Partial:  1341.81, Net: net88, Pin: output88/A, Layer: met3
Partial/Required:  3.16, Required:    400.0, Partial:  1264.73, Net: net86, Pin: output86/A, Layer: met1
Partial/Required:  3.08, Required:    400.0, Partial:  1232.99, Net: net72, Pin: output72/A, Layer: met1
Partial/Required:  3.03, Required:    400.0, Partial:  1210.31, Net: net68, Pin: output68/A, Layer: met1
Partial/Required:  2.86, Required:  2918.08, Partial:  8349.71, Net: net31, Pin: _13295_/B, Layer: met5
Partial/Required:  2.81, Required:  2918.08, Partial:  8209.52, Net: net26, Pin: _13284_/B, Layer: met5
Partial/Required:  2.76, Required:    400.0, Partial:  1102.98, Net: net79, Pin: output79/A, Layer: met1
Partial/Required:  2.75, Required:    400.0, Partial:  1099.95, Net: net84, Pin: output84/A, Layer: met1
Partial/Required:  2.75, Required:    400.0, Partial:  1099.18, Net: _05728_, Pin: _12009_/A, Layer: met3
Partial/Required:  2.75, Required:    400.0, Partial:  1099.18, Net: _05728_, Pin: _11923_/A, Layer: met3
Partial/Required:  2.74, Required:    400.0, Partial:  1094.69, Net: _05539_, Pin: _11585_/A, Layer: met3
Partial/Required:  2.73, Required:    400.0, Partial:  1093.91, Net: net76, Pin: output76/A, Layer: met1
Partial/Required:  2.64, Required:    400.0, Partial:  1055.06, Net: net94, Pin: output94/A, Layer: met1
Partial/Required:  2.57, Required:    400.0, Partial:  1026.92, Net: _06052_, Pin: _12265_/A0, Layer: met3
Partial/Required:  2.51, Required:    400.0, Partial:  1004.57, Net: net159, Pin: output159/A, Layer: met1
Partial/Required:  2.50, Required:    400.0, Partial:  1000.96, Net: net95, Pin: output95/A, Layer: met1
Partial/Required:  2.47, Required:    400.0, Partial:   987.31, Net: _06454_, Pin: _12763_/A, Layer: met1
Partial/Required:  2.45, Required:    400.0, Partial:   981.66, Net: _06005_, Pin: _12209_/C1, Layer: met3
Partial/Required:  2.39, Required:    400.0, Partial:   956.83, Net: _04300_, Pin: _10016_/C, Layer: met3
Partial/Required:  2.23, Required:    400.0, Partial:   892.51, Net: _05543_, Pin: _11577_/A, Layer: met3
Partial/Required:  2.23, Required:    400.0, Partial:   892.51, Net: _05543_, Pin: _11586_/A, Layer: met3
Partial/Required:  2.19, Required:    400.0, Partial:   876.95, Net: _05733_, Pin: _12558_/S1, Layer: met3
Partial/Required:  2.15, Required:   2784.8, Partial:   5984.0, Net: _00051_, Pin: _14225_/D, Layer: met5
Partial/Required:  2.14, Required:   2956.4, Partial:  6325.13, Net: net116, Pin: output116/A, Layer: met5
Partial/Required:  2.13, Required:    400.0, Partial:   850.17, Net: _06117_, Pin: _12329_/A2, Layer: met3
Partial/Required:  2.12, Required:    400.0, Partial:   849.31, Net: _05823_, Pin: _12223_/S0, Layer: met3
Partial/Required:  2.10, Required:   2784.8, Partial:  5861.33, Net: _00052_, Pin: _14226_/D, Layer: met5
Partial/Required:  2.06, Required:    400.0, Partial:   825.79, Net: _02464_, Pin: _08184_/B1, Layer: met3
Partial/Required:  2.06, Required:    400.0, Partial:   824.01, Net: _06670_, Pin: _13074_/A, Layer: met2
Partial/Required:  2.02, Required:    400.0, Partial:   806.68, Net: net81, Pin: output81/A, Layer: met1
Partial/Required:  2.01, Required:   2778.2, Partial:  5575.25, Net: net124, Pin: output124/A, Layer: met5
Partial/Required:  1.99, Required:    400.0, Partial:   796.14, Net: regfile.registers\[14\]\[7\], Pin: _07635_/A2, Layer: met1
Partial/Required:  1.98, Required:    400.0, Partial:   790.64, Net: _05378_, Pin: _11278_/A, Layer: met3
Partial/Required:  1.96, Required:  2918.08, Partial:  5726.22, Net: net6, Pin: _13308_/B, Layer: met3
Partial/Required:  1.95, Required:   2956.4, Partial:  5755.77, Net: net117, Pin: output117/A, Layer: met5
Partial/Required:  1.94, Required:  2918.08, Partial:  5673.65, Net: net4, Pin: _13303_/B, Layer: met3
Partial/Required:  1.94, Required:    400.0, Partial:   777.62, Net: _05468_, Pin: _11384_/A, Layer: met4
Partial/Required:  1.94, Required:  2918.08, Partial:  5667.81, Net: net32, Pin: _13297_/B, Layer: met3
Partial/Required:  1.94, Required:   2778.2, Partial:  5394.72, Net: net122, Pin: output122/A, Layer: met5
Partial/Required:  1.93, Required:  2918.08, Partial:   5638.6, Net: net30, Pin: _13293_/B, Layer: met3
Partial/Required:  1.93, Required:  2918.08, Partial:  5632.76, Net: net2, Pin: _13299_/B, Layer: met3
Partial/Required:  1.93, Required:    400.0, Partial:   770.47, Net: _05838_, Pin: _12258_/S, Layer: met3
Partial/Required:  1.92, Required:    400.0, Partial:    768.7, Net: _01899_, Pin: _07546_/S1, Layer: met3
Partial/Required:  1.91, Required:  2918.08, Partial:  5581.46, Net: net12, Pin: _13280_/B, Layer: met3
Partial/Required:  1.89, Required:  2918.08, Partial:  5504.25, Net: net29, Pin: _13290_/B, Layer: met3
Partial/Required:  1.88, Required:    400.0, Partial:   753.84, Net: _05675_, Pin: _11960_/A, Layer: met3
Partial/Required:  1.88, Required:    400.0, Partial:   753.84, Net: _05675_, Pin: _12214_/A, Layer: met3
Partial/Required:  1.87, Required:    400.0, Partial:   748.69, Net: _05356_, Pin: _11216_/A, Layer: met3
Partial/Required:  1.87, Required:    400.0, Partial:   748.69, Net: _05356_, Pin: _11198_/A, Layer: met3
Partial/Required:  1.87, Required:    400.0, Partial:   748.69, Net: _05356_, Pin: _14176_/A1, Layer: met3
Partial/Required:  1.87, Required:    400.0, Partial:   748.54, Net: _05725_, Pin: _12129_/A2, Layer: met3
Partial/Required:  1.87, Required:  2918.08, Partial:  5457.52, Net: net23, Pin: _13282_/B, Layer: met3
Partial/Required:  1.87, Required:    400.0, Partial:   746.76, Net: _01748_, Pin: _07445_/S1, Layer: met3
Partial/Required:  1.87, Required:    400.0, Partial:   746.76, Net: _01748_, Pin: _07367_/S1, Layer: met3
Partial/Required:  1.87, Required:  2918.08, Partial:  5445.84, Net: net24, Pin: _13342_/B, Layer: met3
Partial/Required:  1.87, Required:   2784.8, Partial:  5195.43, Net: _00627_, Pin: _14801_/D, Layer: met5
Partial/Required:  1.86, Required:    400.0, Partial:   745.83, Net: _01853_, Pin: _07959_/A1, Layer: met3
Partial/Required:  1.86, Required:    400.0, Partial:   743.11, Net: _02516_, Pin: _08272_/B1, Layer: met3
Partial/Required:  1.85, Required:  2918.08, Partial:  5393.27, Net: net20, Pin: _13336_/B, Layer: met3
Partial/Required:  1.84, Required:  2918.08, Partial:  5375.75, Net: net21, Pin: _13338_/B, Layer: met3
Partial/Required:  1.83, Required:   2784.8, Partial:  5084.19, Net: _00050_, Pin: _14224_/D, Layer: met5
Partial/Required:  1.82, Required:    400.0, Partial:   728.41, Net: _05543_, Pin: _11596_/A, Layer: met3
Partial/Required:  1.78, Required:   2784.8, Partial:   4950.1, Net: _00624_, Pin: _14798_/D, Layer: met5
Partial/Required:  1.75, Required:    400.0, Partial:   699.43, Net: _00625_, Pin: _14799_/D, Layer: met4
Partial/Required:  1.75, Required:    400.0, Partial:   698.03, Net: _05561_, Pin: _11645_/A, Layer: met3
Partial/Required:  1.75, Required:    400.0, Partial:   698.03, Net: _05561_, Pin: _11653_/A, Layer: met3
Partial/Required:  1.72, Required:   2784.8, Partial:  4792.38, Net: _00619_, Pin: _14793_/D, Layer: met5
Partial/Required:  1.71, Required:    400.0, Partial:   685.74, Net: net152, Pin: output152/A, Layer: met1
Partial/Required:  1.71, Required:   2784.8, Partial:  4765.71, Net: _00620_, Pin: _14794_/D, Layer: met5
Partial/Required:  1.70, Required:    400.0, Partial:   681.08, Net: _05647_, Pin: _12040_/A, Layer: met2
Partial/Required:  1.70, Required:    400.0, Partial:   681.08, Net: _05647_, Pin: _11841_/A, Layer: met2
Partial/Required:  1.70, Required:   2784.8, Partial:  4739.81, Net: _00625_, Pin: _14799_/D, Layer: met5
Partial/Required:  1.69, Required:    400.0, Partial:   676.85, Net: _03381_, Pin: _10171_/A, Layer: met3
Partial/Required:  1.68, Required:   2784.8, Partial:  4669.71, Net: _00617_, Pin: _14791_/D, Layer: met5
Partial/Required:  1.64, Required:    400.0, Partial:   657.38, Net: net96, Pin: output96/A, Layer: met1
Partial/Required:  1.64, Required:    400.0, Partial:   656.57, Net: _05641_, Pin: _12590_/S1, Layer: met3
Partial/Required:  1.63, Required:    400.0, Partial:   653.86, Net: _05381_, Pin: _11235_/A, Layer: met3
Partial/Required:  1.63, Required:    400.0, Partial:   653.86, Net: _05381_, Pin: _11250_/A, Layer: met3
Partial/Required:  1.63, Required:    400.0, Partial:   653.26, Net: _05488_, Pin: _11426_/A, Layer: met3
Partial/Required:  1.63, Required:    400.0, Partial:   653.26, Net: _05488_, Pin: _11436_/A, Layer: met3
Partial/Required:  1.62, Required:    400.0, Partial:   648.44, Net: _01923_, Pin: _07564_/A1, Layer: met3
Partial/Required:  1.62, Required:    400.0, Partial:   648.44, Net: _01923_, Pin: _12910_/A1, Layer: met3
Partial/Required:  1.60, Required:    400.0, Partial:   638.69, Net: _05772_, Pin: _12602_/S1, Layer: met2
Partial/Required:  1.59, Required:    400.0, Partial:   634.34, Net: _05418_, Pin: _11322_/A, Layer: met2
Partial/Required:  1.58, Required:    400.0, Partial:    632.5, Net: _05539_, Pin: _14125_/A2, Layer: met3
Partial/Required:  1.57, Required:    400.0, Partial:   627.01, Net: _01946_, Pin: _07937_/S0, Layer: met3
Partial/Required:  1.56, Required:    400.0, Partial:   625.67, Net: regfile.registers\[27\]\[6\], Pin: hold1052/A, Layer: met1
Partial/Required:  1.56, Required:    400.0, Partial:   625.27, Net: net70, Pin: output70/A, Layer: met1
Partial/Required:  1.55, Required:    400.0, Partial:   621.58, Net: _00039_, Pin: _14213_/D, Layer: met1
Partial/Required:  1.54, Required:    400.0, Partial:   617.52, Net: _05747_, Pin: _12555_/S0, Layer: met3
Partial/Required:  1.54, Required:    400.0, Partial:   615.25, Net: _05564_, Pin: _11654_/A, Layer: met3
Partial/Required:  1.54, Required:    400.0, Partial:   615.25, Net: _05564_, Pin: _11646_/A, Layer: met3
Partial/Required:  1.53, Required:    400.0, Partial:   611.49, Net: _05488_, Pin: _11474_/B1, Layer: met3
Partial/Required:  1.53, Required:    400.0, Partial:   611.49, Net: _05488_, Pin: _11475_/B1, Layer: met3
Partial/Required:  1.52, Required:    400.0, Partial:   607.13, Net: net115, Pin: output115/A, Layer: met1
Partial/Required:  1.51, Required:    400.0, Partial:    604.1, Net: net153, Pin: output153/A, Layer: met1
Partial/Required:  1.51, Required:    400.0, Partial:    602.7, Net: net88, Pin: output88/A, Layer: met1
Partial/Required:  1.50, Required:    400.0, Partial:   598.65, Net: net128, Pin: output128/A, Layer: met1
Partial/Required:  1.48, Required:    400.0, Partial:   593.49, Net: _05667_, Pin: _12641_/S0, Layer: met3
Partial/Required:  1.48, Required:    400.0, Partial:   593.49, Net: _05667_, Pin: _12603_/A, Layer: met3
Partial/Required:  1.48, Required:   2956.4, Partial:  4363.27, Net: net118, Pin: output118/A, Layer: met3
Partial/Required:  1.48, Required:   2778.2, Partial:  4098.01, Net: net121, Pin: output121/A, Layer: met3
Partial/Required:  1.44, Required:    400.0, Partial:   577.94, Net: _06963_, Pin: _13747_/A, Layer: met3
Partial/Required:  1.44, Required:    400.0, Partial:   577.94, Net: _06963_, Pin: _13737_/A, Layer: met3
Partial/Required:  1.44, Required:    400.0, Partial:   577.23, Net: _04122_, Pin: _09843_/A2, Layer: met3
Partial/Required:  1.42, Required:    400.0, Partial:    567.7, Net: _01935_, Pin: _07923_/S0, Layer: met3
Partial/Required:  1.42, Required:    400.0, Partial:   567.55, Net: _02951_, Pin: _09502_/A3, Layer: met3
Partial/Required:  1.41, Required:    400.0, Partial:   564.56, Net: _01846_, Pin: _07821_/C1, Layer: met3
Partial/Required:  1.41, Required:    400.0, Partial:   563.22, Net: net103, Pin: output103/A, Layer: met1
Partial/Required:  1.41, Required:    400.0, Partial:   563.03, Net: _01509_, Pin: _07182_/A, Layer: met2
Partial/Required:  1.41, Required:    400.0, Partial:    562.1, Net: _01841_, Pin: _07829_/S, Layer: met3
Partial/Required:  1.41, Required:    400.0, Partial:    562.1, Net: _01841_, Pin: _07956_/S, Layer: met3
Partial/Required:  1.40, Required:    400.0, Partial:   560.11, Net: _05468_, Pin: _11400_/A, Layer: met3
Partial/Required:  1.40, Required:    400.0, Partial:   560.11, Net: _05468_, Pin: _11392_/A, Layer: met3
Partial/Required:  1.40, Required:   2778.2, Partial:  3889.71, Net: net108, Pin: output108/A, Layer: met3
Partial/Required:  1.40, Required:   2778.2, Partial:  3885.08, Net: net105, Pin: output105/A, Layer: met3
Partial/Required:  1.37, Required:   2778.2, Partial:  3797.74, Net: net119, Pin: output119/A, Layer: met5
Partial/Required:  1.36, Required:    400.0, Partial:   545.68, Net: _01846_, Pin: _07538_/B1, Layer: met3
Partial/Required:  1.36, Required:    400.0, Partial:   545.68, Net: _01846_, Pin: _07470_/B1, Layer: met3
Partial/Required:  1.35, Required:    400.0, Partial:   541.45, Net: _05539_, Pin: _11573_/A, Layer: met3
Partial/Required:  1.35, Required:   2778.2, Partial:  3755.47, Net: net132, Pin: output132/A, Layer: met3
Partial/Required:  1.35, Required:    400.0, Partial:   540.33, Net: _04626_, Pin: _12749_/A, Layer: met1
Partial/Required:  1.34, Required:   2784.8, Partial:  3740.95, Net: _00044_, Pin: _14218_/D, Layer: met5
Partial/Required:  1.29, Required:    400.0, Partial:   516.09, Net: _01756_, Pin: _08100_/S, Layer: met3
Partial/Required:  1.29, Required:    400.0, Partial:   516.09, Net: _01756_, Pin: _08067_/S, Layer: met3
Partial/Required:  1.29, Required:   2956.4, Partial:  3798.99, Net: net112, Pin: output112/A, Layer: met5
Partial/Required:  1.28, Required:    400.0, Partial:   513.87, Net: _04218_, Pin: _10135_/B1, Layer: met3
Partial/Required:  1.28, Required:    400.0, Partial:    512.4, Net: net116, Pin: output116/A, Layer: met4
Partial/Required:  1.27, Required:   2784.8, Partial:  3530.92, Net: _00049_, Pin: _14223_/D, Layer: met3
Partial/Required:  1.26, Required:    400.0, Partial:   505.22, Net: regfile.registers\[12\]\[5\], Pin: hold1139/A, Layer: met1
Partial/Required:  1.26, Required:    400.0, Partial:   503.24, Net: _01768_, Pin: _07820_/S, Layer: met3
Partial/Required:  1.26, Required:    400.0, Partial:   503.24, Net: _01768_, Pin: _08045_/S, Layer: met3
Partial/Required:  1.26, Required:    400.0, Partial:   503.24, Net: _01768_, Pin: _08032_/S, Layer: met3
Partial/Required:  1.26, Required:    400.0, Partial:    502.4, Net: _06927_, Pin: _13679_/A2, Layer: met3
Partial/Required:  1.26, Required:    400.0, Partial:    502.4, Net: _06927_, Pin: _13680_/A2, Layer: met3
Partial/Required:  1.26, Required:    400.0, Partial:   502.31, Net: _05471_, Pin: _11385_/A, Layer: met3
Partial/Required:  1.24, Required:   2778.2, Partial:  3442.18, Net: net129, Pin: output129/A, Layer: met4
Partial/Required:  1.22, Required:  4830.76, Partial:   5913.9, Net: net1, Pin: _13276_/B, Layer: met5
Partial/Required:  1.22, Required:  2918.08, Partial:  3556.57, Net: net25, Pin: _13345_/B, Layer: met3
Partial/Required:  1.22, Required:    400.0, Partial:   487.11, Net: _04246_, Pin: _09962_/B1, Layer: met3
Partial/Required:  1.21, Required:    400.0, Partial:   482.33, Net: regfile.registers\[1\]\[25\], Pin: _07999_/A1, Layer: met1
Partial/Required:  1.20, Required:   2778.2, Partial:  3345.13, Net: net130, Pin: output130/A, Layer: met4
Partial/Required:  1.20, Required:    400.0, Partial:   479.87, Net: _05646_, Pin: _12099_/S0, Layer: met2
Partial/Required:  1.20, Required:    400.0, Partial:   479.06, Net: _03002_, Pin: _09399_/A1, Layer: met3
Partial/Required:  1.17, Required:    400.0, Partial:   466.06, Net: _05714_, Pin: _11909_/S1, Layer: met3
Partial/Required:  1.17, Required:    400.0, Partial:   466.06, Net: _05714_, Pin: _11910_/S1, Layer: met3
Partial/Required:  1.16, Required:    400.0, Partial:   465.28, Net: regfile.registers\[14\]\[30\], Pin: _12626_/A2, Layer: met1
Partial/Required:  1.16, Required:   2778.2, Partial:  3222.54, Net: net131, Pin: output131/A, Layer: met4
Partial/Required:  1.16, Required:    400.0, Partial:   463.74, Net: _05564_, Pin: _11630_/A, Layer: met2
Partial/Required:  1.15, Required:    400.0, Partial:   460.33, Net: _01777_, Pin: _12723_/A, Layer: met1
Partial/Required:  1.14, Required:  4830.76, Partial:  5504.25, Net: net3, Pin: _13301_/B, Layer: met3
Partial/Required:  1.13, Required:    400.0, Partial:   451.78, Net: _05549_, Pin: _11622_/A, Layer: met2
Partial/Required:  1.13, Required:   2956.4, Partial:  3334.76, Net: net114, Pin: output114/A, Layer: met3
Partial/Required:  1.12, Required:    400.0, Partial:   448.34, Net: _05491_, Pin: _11434_/A2, Layer: met1
Partial/Required:  1.12, Required:   2956.4, Partial:  3308.28, Net: net104, Pin: output104/A, Layer: met3
Partial/Required:  1.12, Required:    400.0, Partial:   446.87, Net: _06910_, Pin: _13597_/A2, Layer: met1
Partial/Required:  1.12, Required:    400.0, Partial:   446.38, Net: _05468_, Pin: _11417_/A2, Layer: met3
Partial/Required:  1.12, Required:    400.0, Partial:   446.38, Net: _05468_, Pin: _11416_/A2, Layer: met3
Partial/Required:  1.11, Required:    400.0, Partial:   445.48, Net: _05471_, Pin: _11416_/B1, Layer: met3
Partial/Required:  1.11, Required:    400.0, Partial:   445.48, Net: _05471_, Pin: _11417_/B1, Layer: met3
Partial/Required:  1.11, Required:    400.0, Partial:   442.79, Net: _00047_, Pin: _14221_/D, Layer: met3
Partial/Required:  1.11, Required:    400.0, Partial:   442.61, Net: _05415_, Pin: _13921_/A, Layer: met3
Partial/Required:  1.11, Required:    400.0, Partial:   442.61, Net: _05415_, Pin: _11312_/A, Layer: met3
Partial/Required:  1.11, Required:    400.0, Partial:   442.61, Net: _05415_, Pin: _11297_/A, Layer: met3
Partial/Required:  1.11, Required:    400.0, Partial:   442.61, Net: _05415_, Pin: _13912_/A, Layer: met3
Partial/Required:  1.11, Required:    400.0, Partial:   442.61, Net: _05415_, Pin: _11289_/A, Layer: met3
Partial/Required:  1.10, Required:    400.0, Partial:   440.41, Net: clk, Pin: clkbuf_0_clk/A, Layer: met4
Partial/Required:  1.09, Required:    400.0, Partial:   437.29, Net: _06837_, Pin: _13429_/A, Layer: met1
Partial/Required:  1.09, Required:    400.0, Partial:   436.78, Net: imm_ex\[19\], Pin: _10791_/A, Layer: met1
Partial/Required:  1.09, Required:   2778.2, Partial:  3026.33, Net: net123, Pin: output123/A, Layer: met3
Partial/Required:  1.09, Required:    400.0, Partial:   434.89, Net: _06426_, Pin: _12812_/B, Layer: met1
Partial/Required:  1.09, Required:   2784.8, Partial:  3021.71, Net: _00623_, Pin: _14797_/D, Layer: met3
Partial/Required:  1.07, Required:   2956.4, Partial:   3168.9, Net: net106, Pin: output106/A, Layer: met3
Partial/Required:  1.07, Required:   2956.4, Partial:  3159.74, Net: net111, Pin: output111/A, Layer: met3
Partial/Required:  1.07, Required:   2784.8, Partial:   2969.9, Net: _00048_, Pin: _14222_/D, Layer: met5
Partial/Required:  1.06, Required:    400.0, Partial:   425.61, Net: _01792_, Pin: _07984_/A_N, Layer: met2
Partial/Required:  1.06, Required:    400.0, Partial:   424.16, Net: _01837_, Pin: _08080_/A1, Layer: met3
Partial/Required:  1.06, Required:    400.0, Partial:   424.16, Net: _01837_, Pin: _07682_/S, Layer: met3
Partial/Required:  1.06, Required:    400.0, Partial:   424.16, Net: _01837_, Pin: _07458_/A, Layer: met3
Partial/Required:  1.06, Required:    400.0, Partial:   424.16, Net: _01837_, Pin: _07507_/A1, Layer: met3
Partial/Required:  1.06, Required:    400.0, Partial:   422.32, Net: _05738_, Pin: _12187_/A, Layer: met2
Partial/Required:  1.06, Required:   2778.2, Partial:  2931.23, Net: net107, Pin: output107/A, Layer: met3
Partial/Required:  1.05, Required:    400.0, Partial:   421.98, Net: _04247_, Pin: _09981_/C, Layer: met3
Partial/Required:  1.05, Required:    400.0, Partial:   421.98, Net: _04247_, Pin: _13155_/B, Layer: met3
Partial/Required:  1.05, Required:    400.0, Partial:   421.59, Net: _04576_, Pin: _10292_/B1, Layer: met3
Partial/Required:  1.05, Required:    400.0, Partial:   418.09, Net: _06887_, Pin: _13543_/A, Layer: met1
Partial/Required:  1.04, Required:    400.0, Partial:   417.37, Net: _01768_, Pin: _07498_/S, Layer: met3
Partial/Required:  1.04, Required:    400.0, Partial:   417.37, Net: _01768_, Pin: _07387_/S, Layer: met3
Partial/Required:  1.03, Required:   2778.2, Partial:  2873.69, Net: net113, Pin: output113/A, Layer: met3
Partial/Required:  1.03, Required:    400.0, Partial:   413.11, Net: _05471_, Pin: _11393_/A, Layer: met3
Partial/Required:  1.03, Required:    400.0, Partial:   413.11, Net: _05471_, Pin: _11401_/A, Layer: met3
Partial/Required:  1.03, Required:    400.0, Partial:   412.56, Net: regfile.registers\[23\]\[17\], Pin: _12352_/A1, Layer: met1
Partial/Required:  1.03, Required:    400.0, Partial:   412.39, Net: _00826_, Pin: _15003_/D, Layer: met2
Partial/Required:  1.02, Required:   2778.2, Partial:  2838.99, Net: net102, Pin: output102/A, Layer: met3
Partial/Required:  1.02, Required:    400.0, Partial:   406.37, Net: _03793_, Pin: _13187_/B, Layer: met1
Partial/Required:  1.00, Required:   2784.8, Partial:  2792.13, Net: _00042_, Pin: _14216_/D, Layer: met3
Partial/Required:  1.00, Required:    400.0, Partial:   401.01, Net: _02464_, Pin: _08129_/A, Layer: met3
Partial/Required:  1.00, Required:    400.0, Partial:   401.01, Net: _02464_, Pin: _08115_/A, Layer: met3
