
===========================================================================
 report_power
============================================================================
======================= Fastest Corner ===================================

Group                  Internal  Switching    Leakage      Total
                          Power      Power      Power      Power (Watts)
----------------------------------------------------------------
Sequential             3.77e-03   5.90e-04   2.26e-08   4.36e-03  27.8%
Combinational          4.27e-03   7.05e-03   1.60e-07   1.13e-02  72.2%
Macro                  0.00e+00   0.00e+00   0.00e+00   0.00e+00   0.0%
Pad                    0.00e+00   0.00e+00   0.00e+00   0.00e+00   0.0%
----------------------------------------------------------------
Total                  8.03e-03   7.64e-03   1.83e-07   1.57e-02 100.0%
                          51.3%      48.7%       0.0%

======================= Slowest Corner ===================================

Group                  Internal  Switching    Leakage      Total
                          Power      Power      Power      Power (Watts)
----------------------------------------------------------------
Sequential             2.49e-03   3.93e-04   2.19e-05   2.91e-03  27.0%
Combinational          3.11e-03   4.68e-03   5.14e-05   7.84e-03  73.0%
Macro                  0.00e+00   0.00e+00   0.00e+00   0.00e+00   0.0%
Pad                    0.00e+00   0.00e+00   0.00e+00   0.00e+00   0.0%
----------------------------------------------------------------
Total                  5.60e-03   5.07e-03   7.33e-05   1.07e-02 100.0%
                          52.1%      47.2%       0.7%

======================= Typical Corner ===================================

Group                  Internal  Switching    Leakage      Total
                          Power      Power      Power      Power (Watts)
----------------------------------------------------------------
Sequential             3.21e-03   4.99e-04   1.25e-08   3.71e-03  27.5%
Combinational          3.82e-03   5.97e-03   9.50e-08   9.79e-03  72.5%
Macro                  0.00e+00   0.00e+00   0.00e+00   0.00e+00   0.0%
Pad                    0.00e+00   0.00e+00   0.00e+00   0.00e+00   0.0%
----------------------------------------------------------------
Total                  7.04e-03   6.47e-03   1.07e-07   1.35e-02 100.0%
                          52.1%      47.9%       0.0%

