Partial/Required: 14.24, Required:    400.0, Partial:  5697.31, Net: net153, Pin: output153/A, Layer: met3
Partial/Required:  7.56, Required:    400.0, Partial:  3025.14, Net: _01475_, Pin: _14016_/D, Layer: met3
Partial/Required:  6.81, Required:    400.0, Partial:  2723.04, Net: net98, Pin: output98/A, Layer: met1
Partial/Required:  6.73, Required:    400.0, Partial:  2692.67, Net: net149, Pin: output149/A, Layer: met1
Partial/Required:  6.64, Required:    400.0, Partial:  2655.77, Net: net158, Pin: output158/A, Layer: met1
Partial/Required:  6.23, Required:    400.0, Partial:  2493.08, Net: _03151_, Pin: _08235_/B, Layer: met3
Partial/Required:  6.18, Required:    400.0, Partial:  2473.95, Net: net140, Pin: output140/A, Layer: met1
Partial/Required:  5.53, Required:    400.0, Partial:   2212.7, Net: net163, Pin: output163/A, Layer: met1
Partial/Required:  5.52, Required:    400.0, Partial:  2208.48, Net: net145, Pin: output145/A, Layer: met1
Partial/Required:  5.46, Required:    400.0, Partial:  2185.67, Net: net162, Pin: output162/A, Layer: met1
Partial/Required:  5.34, Required:    400.0, Partial:  2135.49, Net: net99, Pin: output99/A, Layer: met1
Partial/Required:  4.86, Required:    400.0, Partial:  1942.65, Net: net132, Pin: output132/A, Layer: met1
Partial/Required:  4.84, Required:    400.0, Partial:  1937.19, Net: net137, Pin: output137/A, Layer: met1
Partial/Required:  4.71, Required:    400.0, Partial:  1884.54, Net: net144, Pin: output144/A, Layer: met1
Partial/Required:  4.53, Required:    400.0, Partial:  1813.49, Net: net138, Pin: output138/A, Layer: met1
Partial/Required:  4.32, Required:    400.0, Partial:  1726.67, Net: net154, Pin: output154/A, Layer: met1
Partial/Required:  4.31, Required:    400.0, Partial:  1722.79, Net: net164, Pin: output164/A, Layer: met1
Partial/Required:  4.23, Required:    400.0, Partial:  1690.21, Net: net135, Pin: output135/A, Layer: met1
Partial/Required:  3.44, Required:    400.0, Partial:  1375.09, Net: net113, Pin: output113/A, Layer: met1
Partial/Required:  3.33, Required:    400.0, Partial:  1332.56, Net: _05542_, Pin: _12025_/B1, Layer: met3
Partial/Required:  2.80, Required:    400.0, Partial:  1121.22, Net: net96, Pin: _09065_/B, Layer: met1
Partial/Required:  2.64, Required:    400.0, Partial:  1055.09, Net: _05427_, Pin: _11282_/A, Layer: met3
Partial/Required:  2.57, Required:    400.0, Partial:  1026.11, Net: net97, Pin: _09067_/B, Layer: met1
Partial/Required:  2.37, Required:    400.0, Partial:   948.23, Net: _04116_, Pin: _09577_/S0, Layer: met3
Partial/Required:  2.37, Required:   2956.4, Partial:  6996.33, Net: net131, Pin: output131/A, Layer: met3
Partial/Required:  2.34, Required:   2956.4, Partial:  6912.81, Net: net129, Pin: output129/A, Layer: met3
Partial/Required:  2.26, Required:    400.0, Partial:   903.75, Net: _05616_, Pin: _12141_/A, Layer: met3
Partial/Required:  2.23, Required:    400.0, Partial:   892.89, Net: _04008_, Pin: _09573_/A, Layer: met2
Partial/Required:  2.20, Required:    400.0, Partial:   880.89, Net: _05595_, Pin: _11871_/A, Layer: met3
Partial/Required:  2.20, Required:    400.0, Partial:   880.89, Net: _05595_, Pin: _12184_/A, Layer: met3
Partial/Required:  2.12, Required:    400.0, Partial:   847.99, Net: net161, Pin: _10610_/A1, Layer: met1
Partial/Required:  2.12, Required:    400.0, Partial:   847.99, Net: net161, Pin: output161/A, Layer: met1
Partial/Required:  2.09, Required:    400.0, Partial:   835.53, Net: _05445_, Pin: _11389_/A, Layer: met3
Partial/Required:  2.03, Required:    400.0, Partial:   811.38, Net: _04597_, Pin: _09936_/B1, Layer: met3
Partial/Required:  1.99, Required:   2964.4, Partial:  5913.14, Net: _00523_, Pin: _13061_/D, Layer: met3
Partial/Required:  1.98, Required:    400.0, Partial:   790.44, Net: _01457_, Pin: _13998_/D, Layer: met1
Partial/Required:  1.95, Required:    400.0, Partial:   778.86, Net: _01950_, Pin: _09562_/A2, Layer: met3
Partial/Required:  1.88, Required:    400.0, Partial:   751.57, Net: _04630_, Pin: _10003_/A, Layer: met3
Partial/Required:  1.88, Required:    400.0, Partial:   751.57, Net: _04630_, Pin: _10015_/A, Layer: met3
Partial/Required:  1.81, Required:    400.0, Partial:   725.01, Net: _05542_, Pin: _12338_/A1, Layer: met3
Partial/Required:  1.72, Required:   2956.4, Partial:  5094.31, Net: net130, Pin: output130/A, Layer: met3
Partial/Required:  1.70, Required:    400.0, Partial:   678.33, Net: _04200_, Pin: _09521_/A0, Layer: met1
Partial/Required:  1.67, Required:    400.0, Partial:   668.35, Net: _04648_, Pin: _10097_/A, Layer: met4
Partial/Required:  1.67, Required:    400.0, Partial:   668.35, Net: _04648_, Pin: _10085_/A, Layer: met4
Partial/Required:  1.65, Required:  3130.28, Partial:  5163.57, Net: net107, Pin: output107/A, Layer: met4
Partial/Required:  1.63, Required:   2956.4, Partial:  4816.23, Net: net125, Pin: output125/A, Layer: met4
Partial/Required:  1.52, Required:    400.0, Partial:   609.65, Net: _05539_, Pin: _12396_/S0, Layer: met3
Partial/Required:  1.51, Required:   2956.4, Partial:  4467.46, Net: net50, Pin: _06683_/A2, Layer: met3
Partial/Required:  1.51, Required:    400.0, Partial:   603.22, Net: pc_plus_4_ex\[8\], Pin: _07047_/B, Layer: met1
Partial/Required:  1.49, Required:    400.0, Partial:   597.14, Net: _04480_, Pin: _09819_/A1, Layer: met3
Partial/Required:  1.48, Required:   2956.4, Partial:  4390.14, Net: net61, Pin: _06611_/A2, Layer: met3
Partial/Required:  1.48, Required:    400.0, Partial:   592.67, Net: rd2_ex\[8\], Pin: _07117_/B, Layer: met1
Partial/Required:  1.48, Required:    400.0, Partial:   590.84, Net: _05429_, Pin: _11308_/A, Layer: met3
Partial/Required:  1.48, Required:    400.0, Partial:   590.84, Net: _05429_, Pin: _11296_/A, Layer: met3
Partial/Required:  1.46, Required:    400.0, Partial:   584.75, Net: _03985_, Pin: _09667_/S, Layer: met2
Partial/Required:  1.45, Required:    400.0, Partial:    580.0, Net: _04648_, Pin: _10097_/A, Layer: met3
Partial/Required:  1.45, Required:    400.0, Partial:    580.0, Net: _04648_, Pin: _10085_/A, Layer: met3
Partial/Required:  1.44, Required:    400.0, Partial:   577.71, Net: _05549_, Pin: _12399_/S1, Layer: met3
Partial/Required:  1.43, Required:   2956.4, Partial:  4241.45, Net: net58, Pin: _06604_/A2, Layer: met3
Partial/Required:  1.43, Required:   2956.4, Partial:  4232.53, Net: net52, Pin: _06689_/A2, Layer: met3
Partial/Required:  1.42, Required:    400.0, Partial:   568.95, Net: _03979_, Pin: _09649_/S1, Layer: met3
Partial/Required:  1.41, Required:  3236.16, Partial:  4550.72, Net: net34, Pin: _06622_/A2, Layer: met3
Partial/Required:  1.39, Required:    400.0, Partial:   556.72, Net: net151, Pin: _06815_/A2, Layer: met1
Partial/Required:  1.39, Required:    400.0, Partial:   556.72, Net: net151, Pin: _06816_/C, Layer: met1
Partial/Required:  1.39, Required:    400.0, Partial:   556.72, Net: net151, Pin: output151/A, Layer: met1
Partial/Required:  1.38, Required:    400.0, Partial:   552.33, Net: _05710_, Pin: _12366_/S, Layer: met1
Partial/Required:  1.36, Required:    400.0, Partial:   545.64, Net: _05420_, Pin: _11267_/A, Layer: met2
Partial/Required:  1.36, Required:   2784.8, Partial:   3776.0, Net: _00548_, Pin: _13086_/D, Layer: met5
Partial/Required:  1.35, Required:    400.0, Partial:   540.64, Net: _01952_, Pin: _09765_/A1, Layer: met3
Partial/Required:  1.34, Required:    400.0, Partial:   534.69, Net: _05429_, Pin: _11284_/A, Layer: met3
Partial/Required:  1.33, Required:    400.0, Partial:    534.0, Net: rd2_ex\[12\], Pin: _07477_/B, Layer: met1
Partial/Required:  1.33, Required:   2956.4, Partial:  3938.26, Net: net43, Pin: _06655_/A2, Layer: met4
Partial/Required:  1.30, Required:    400.0, Partial:   521.69, Net: _01474_, Pin: _14015_/D, Layer: met1
Partial/Required:  1.29, Required:    400.0, Partial:   515.22, Net: _05539_, Pin: _12525_/S0, Layer: met3
Partial/Required:  1.29, Required:    400.0, Partial:   514.78, Net: _01950_, Pin: _06906_/A1, Layer: met3
Partial/Required:  1.28, Required:    400.0, Partial:    512.5, Net: _00198_, Pin: _12736_/D, Layer: met2
Partial/Required:  1.28, Required:    400.0, Partial:   510.33, Net: rd2_ex\[22\], Pin: _07236_/B, Layer: met1
Partial/Required:  1.28, Required:    400.0, Partial:   510.22, Net: rd2_ex\[23\], Pin: _07219_/B, Layer: met1
Partial/Required:  1.23, Required:    400.0, Partial:   491.41, Net: rd2_ex\[11\], Pin: _07421_/A0, Layer: met1
Partial/Required:  1.19, Required:    400.0, Partial:    476.6, Net: _05454_, Pin: _11418_/A, Layer: met3
Partial/Required:  1.19, Required:    400.0, Partial:    476.6, Net: _05454_, Pin: _11430_/A, Layer: met3
Partial/Required:  1.17, Required:    400.0, Partial:   467.28, Net: _01787_, Pin: _12340_/A, Layer: met2
Partial/Required:  1.17, Required:    400.0, Partial:   467.28, Net: _01787_, Pin: _12336_/A, Layer: met2
Partial/Required:  1.16, Required:   2956.4, Partial:   3439.0, Net: net11, Pin: _09021_/B, Layer: met2
Partial/Required:  1.16, Required:    400.0, Partial:   464.94, Net: _04095_, Pin: _09568_/A, Layer: met2
Partial/Required:  1.16, Required:   2956.4, Partial:  3433.33, Net: net6, Pin: _09011_/B, Layer: met2
Partial/Required:  1.16, Required:   2956.4, Partial:  3418.56, Net: net5, Pin: _09009_/B, Layer: met2
Partial/Required:  1.15, Required:   2956.4, Partial:  3408.78, Net: net7, Pin: _09013_/B, Layer: met2
Partial/Required:  1.15, Required:   2784.8, Partial:  3196.95, Net: _00543_, Pin: _13081_/D, Layer: met3
Partial/Required:  1.14, Required:   2784.8, Partial:  3183.24, Net: _01456_, Pin: _13997_/D, Layer: met3
Partial/Required:  1.14, Required:   2778.2, Partial:  3174.35, Net: _06079_, Pin: _12340_/B, Layer: met3
Partial/Required:  1.14, Required:    400.0, Partial:   456.25, Net: _04045_, Pin: _09662_/A, Layer: met3
Partial/Required:  1.14, Required:    400.0, Partial:   455.31, Net: _05445_, Pin: _11377_/A, Layer: met3
Partial/Required:  1.13, Required:    400.0, Partial:   453.78, Net: rd2_ex\[14\], Pin: _07130_/B, Layer: met1
Partial/Required:  1.13, Required:   2956.4, Partial:  3346.78, Net: net10, Pin: _09019_/B, Layer: met2
Partial/Required:  1.12, Required:    400.0, Partial:   448.63, Net: _04437_, Pin: _09767_/B, Layer: met3
Partial/Required:  1.12, Required:   2956.4, Partial:  3310.89, Net: net30, Pin: _08996_/B, Layer: met2
Partial/Required:  1.11, Required:   2956.4, Partial:  3295.44, Net: net4, Pin: _09006_/B, Layer: met2
Partial/Required:  1.11, Required:    400.0, Partial:   445.22, Net: _01793_, Pin: _06676_/A, Layer: met1
Partial/Required:  1.11, Required:    400.0, Partial:   443.33, Net: regfile.registers\[12\]\[2\], Pin: _11888_/B, Layer: met1
Partial/Required:  1.11, Required:   2956.4, Partial:   3271.0, Net: net8, Pin: _09015_/B, Layer: met2
Partial/Required:  1.11, Required:    400.0, Partial:   442.22, Net: _05554_, Pin: _12132_/S, Layer: met1
Partial/Required:  1.10, Required:    400.0, Partial:    441.9, Net: _05610_, Pin: _11856_/S0, Layer: met3
Partial/Required:  1.10, Required:    400.0, Partial:    441.9, Net: _05610_, Pin: _11884_/S0, Layer: met3
Partial/Required:  1.10, Required:    400.0, Partial:   441.69, Net: _01545_, Pin: _09589_/C1, Layer: met2
Partial/Required:  1.10, Required:   2956.4, Partial:  3263.33, Net: net26, Pin: _08988_/B, Layer: met2
Partial/Required:  1.10, Required:    400.0, Partial:   440.65, Net: _04620_, Pin: _09996_/B1, Layer: met1
Partial/Required:  1.10, Required:    400.0, Partial:    438.9, Net: _03996_, Pin: _09305_/A, Layer: met1
Partial/Required:  1.10, Required:    400.0, Partial:   438.81, Net: _04023_, Pin: _09575_/A1, Layer: met2
Partial/Required:  1.09, Required:   2956.4, Partial:   3235.0, Net: net2, Pin: _09002_/B, Layer: met2
Partial/Required:  1.09, Required:   2956.4, Partial:  3229.44, Net: net25, Pin: _09046_/B, Layer: met2
Partial/Required:  1.09, Required:   2956.4, Partial:  3227.44, Net: net9, Pin: _09017_/B, Layer: met2
Partial/Required:  1.09, Required:   2784.8, Partial:  3039.24, Net: _01469_, Pin: _14010_/D, Layer: met3
Partial/Required:  1.09, Required:    400.0, Partial:    435.1, Net: _01519_, Pin: _09769_/B1, Layer: met1
Partial/Required:  1.09, Required:  2918.08, Partial:  3169.22, Net: net24, Pin: _09044_/B, Layer: met2
Partial/Required:  1.09, Required:   2956.4, Partial:  3210.44, Net: net14, Pin: _09025_/B, Layer: met2
Partial/Required:  1.09, Required:   2784.8, Partial:  3021.71, Net: _00545_, Pin: _13083_/D, Layer: met3
Partial/Required:  1.09, Required:   2784.8, Partial:  3021.71, Net: _00547_, Pin: _13085_/D, Layer: met3
Partial/Required:  1.08, Required:   2784.8, Partial:  3011.05, Net: _01477_, Pin: _14018_/D, Layer: met3
Partial/Required:  1.08, Required:  2918.08, Partial:  3152.89, Net: net12, Pin: _08983_/B, Layer: met2
Partial/Required:  1.08, Required:   2956.4, Partial:  3182.44, Net: net13, Pin: _09023_/B, Layer: met2
Partial/Required:  1.07, Required:    400.0, Partial:   429.92, Net: _01464_, Pin: _14005_/D, Layer: met1
Partial/Required:  1.07, Required:  2918.08, Partial:   3134.0, Net: net16, Pin: _09030_/B, Layer: met2
Partial/Required:  1.07, Required:   2956.4, Partial:  3171.44, Net: net3, Pin: _09004_/B, Layer: met2
Partial/Required:  1.07, Required:   2956.4, Partial:   3168.0, Net: net15, Pin: _09027_/B, Layer: met2
Partial/Required:  1.07, Required:   2956.4, Partial:  3161.33, Net: net28, Pin: _08992_/B, Layer: met2
Partial/Required:  1.07, Required:    400.0, Partial:   427.13, Net: _04702_, Pin: _10332_/A, Layer: met1
Partial/Required:  1.07, Required:  2918.08, Partial:  3114.44, Net: net29, Pin: _08994_/B, Layer: met2
Partial/Required:  1.07, Required:   2784.8, Partial:  2971.43, Net: _01448_, Pin: _13989_/D, Layer: met3
Partial/Required:  1.07, Required:  2918.08, Partial:  3112.22, Net: net31, Pin: _08998_/B, Layer: met2
Partial/Required:  1.07, Required:   2784.8, Partial:  2967.11, Net: _00538_, Pin: _13076_/D, Layer: met3
Partial/Required:  1.06, Required:  2918.08, Partial:  3104.67, Net: net32, Pin: _09000_/B, Layer: met2
Partial/Required:  1.06, Required:  2918.08, Partial:   3099.0, Net: net27, Pin: _08990_/B, Layer: met2
Partial/Required:  1.06, Required:  2918.08, Partial:  3095.56, Net: net17, Pin: _09032_/B, Layer: met2
Partial/Required:  1.06, Required:   2784.8, Partial:  2951.62, Net: _01472_, Pin: _14013_/D, Layer: met3
Partial/Required:  1.06, Required:   2784.8, Partial:  2945.78, Net: _01471_, Pin: _14012_/D, Layer: met3
Partial/Required:  1.06, Required:    400.0, Partial:   422.04, Net: _04020_, Pin: _09442_/A1, Layer: met2
Partial/Required:  1.05, Required:   2784.8, Partial:  2929.27, Net: _01454_, Pin: _13995_/D, Layer: met3
Partial/Required:  1.05, Required:   2784.8, Partial:  2914.03, Net: _01453_, Pin: _13994_/D, Layer: met3
Partial/Required:  1.04, Required:  2918.08, Partial:  3047.78, Net: net23, Pin: _08985_/B, Layer: met2
Partial/Required:  1.04, Required:   2784.8, Partial:   2905.4, Net: _00521_, Pin: _13059_/D, Layer: met3
Partial/Required:  1.04, Required:  2918.08, Partial:  3036.67, Net: net18, Pin: _09034_/B, Layer: met2
Partial/Required:  1.04, Required:    400.0, Partial:   415.96, Net: _04045_, Pin: _09846_/S, Layer: met3
Partial/Required:  1.04, Required:    400.0, Partial:   415.96, Net: _04045_, Pin: _09742_/A1, Layer: met3
Partial/Required:  1.04, Required:    400.0, Partial:   415.96, Net: _04045_, Pin: _09682_/A, Layer: met3
Partial/Required:  1.04, Required:    400.0, Partial:   415.96, Net: _04045_, Pin: _09628_/A, Layer: met3
Partial/Required:  1.04, Required:  2918.08, Partial:  3033.22, Net: net22, Pin: _09042_/B, Layer: met2
Partial/Required:  1.04, Required:  2918.08, Partial:  3030.78, Net: net20, Pin: _09038_/B, Layer: met2
Partial/Required:  1.04, Required:    400.0, Partial:   414.78, Net: _01591_, Pin: _06404_/A, Layer: met1
Partial/Required:  1.04, Required:    400.0, Partial:   414.67, Net: _00405_, Pin: _12943_/D, Layer: met1
Partial/Required:  1.03, Required:  2918.08, Partial:  3018.11, Net: net21, Pin: _09040_/B, Layer: met2
Partial/Required:  1.03, Required:   2956.4, Partial:  3053.67, Net: net1, Pin: _08981_/B, Layer: met2
Partial/Required:  1.03, Required:    400.0, Partial:   412.13, Net: _04013_, Pin: _09546_/S, Layer: met3
Partial/Required:  1.03, Required:  2918.08, Partial:  3004.89, Net: net19, Pin: _09036_/B, Layer: met2
Partial/Required:  1.02, Required:    400.0, Partial:   408.86, Net: _06062_, Pin: _12322_/A2, Layer: met1
Partial/Required:  1.02, Required:    400.0, Partial:   406.89, Net: _01799_, Pin: _06755_/B, Layer: met1
Partial/Required:  1.01, Required:   2784.8, Partial:  2817.27, Net: _00542_, Pin: _13080_/D, Layer: met3
